Component: ARM Compiler 5.06 update 6 (build 750) Tool: armlink [4d35ed]

==============================================================================

Section Cross References

    main.o(i.main) refers to system_lpc17xx.o(i.SystemCoreClockUpdate) for SystemCoreClockUpdate
    main.o(i.main) refers to rt_cmsis.o(i.osKernelInitialize) for osKernelInitialize
    main.o(i.main) refers to thread.o(i.Init_Thread) for Init_Thread
    main.o(i.main) refers to rt_cmsis.o(i.osKernelStart) for osKernelStart
    main.o(i.main) refers to rt_cmsis.o(i.osDelay) for osDelay
    thread.o(i.Init_Thread) refers to rt_cmsis.o(i.osThreadCreate) for osThreadCreate
    thread.o(i.Init_Thread) refers to thread.o(.constdata) for .constdata
    thread.o(i.Init_Thread) refers to thread.o(.data) for .data
    thread.o(i.change_screen) refers to glcd_spi_lpc1700.o(i.GLCD_Clear) for GLCD_Clear
    thread.o(i.change_screen) refers to thread.o(i.highlight_option) for highlight_option
    thread.o(i.change_screen) refers to glcd_spi_lpc1700.o(i.GLCD_SetBackColor) for GLCD_SetBackColor
    thread.o(i.change_screen) refers to glcd_spi_lpc1700.o(i.GLCD_SetTextColor) for GLCD_SetTextColor
    thread.o(i.change_screen) refers to thread.o(i.hit_the_target_game) for hit_the_target_game
    thread.o(i.change_screen) refers to thread.o(i.switch_pic) for switch_pic
    thread.o(i.change_screen) refers to glcd_spi_lpc1700.o(i.GLCD_DisplayString) for GLCD_DisplayString
    thread.o(i.change_screen) refers to thread.o(.data) for .data
    thread.o(i.fire) refers to glcd_spi_lpc1700.o(i.GLCD_DisplayString) for GLCD_DisplayString
    thread.o(i.fire) refers to thread.o(i.move_player) for i.move_player
    thread.o(i.gen_level) refers to rand.o(.text) for rand
    thread.o(i.gen_level) refers to glcd_spi_lpc1700.o(i.GLCD_DisplayString) for GLCD_DisplayString
    thread.o(i.highlight_option) refers to glcd_spi_lpc1700.o(i.GLCD_SetBackColor) for GLCD_SetBackColor
    thread.o(i.highlight_option) refers to glcd_spi_lpc1700.o(i.GLCD_SetTextColor) for GLCD_SetTextColor
    thread.o(i.highlight_option) refers to glcd_spi_lpc1700.o(i.GLCD_DisplayString) for GLCD_DisplayString
    thread.o(i.hit_the_target_game) refers to glcd_spi_lpc1700.o(i.GLCD_Clear) for GLCD_Clear
    thread.o(i.hit_the_target_game) refers to glcd_spi_lpc1700.o(i.GLCD_SetBackColor) for GLCD_SetBackColor
    thread.o(i.hit_the_target_game) refers to glcd_spi_lpc1700.o(i.GLCD_SetTextColor) for GLCD_SetTextColor
    thread.o(i.hit_the_target_game) refers to rand.o(.text) for rand
    thread.o(i.hit_the_target_game) refers to glcd_spi_lpc1700.o(i.GLCD_DisplayString) for GLCD_DisplayString
    thread.o(i.hit_the_target_game) refers to thread.o(.data) for .data
    thread.o(i.hit_the_target_game) refers to thread.o(i.gen_level) for i.gen_level
    thread.o(i.hit_the_target_game) refers to thread.o(i.move_player) for i.move_player
    thread.o(i.joystick_listen) refers to kbd.o(i.get_button) for get_button
    thread.o(i.joystick_listen) refers to thread.o(.data) for .data
    thread.o(i.main_menu) refers to thread.o(i.highlight_option) for highlight_option
    thread.o(i.main_menu) refers to thread.o(.data) for .data
    thread.o(i.main_thread) refers to glcd_spi_lpc1700.o(i.GLCD_Init) for GLCD_Init
    thread.o(i.main_thread) refers to glcd_spi_lpc1700.o(i.GLCD_Clear) for GLCD_Clear
    thread.o(i.main_thread) refers to kbd.o(i.KBD_Init) for KBD_Init
    thread.o(i.main_thread) refers to thread.o(i.change_screen) for change_screen
    thread.o(i.main_thread) refers to thread.o(.data) for .data
    thread.o(i.move_player) refers to glcd_spi_lpc1700.o(i.GLCD_DisplayString) for GLCD_DisplayString
    thread.o(i.photo_gallery) refers to thread.o(i.switch_pic) for switch_pic
    thread.o(i.photo_gallery) refers to thread.o(.data) for .data
    thread.o(i.switch_pic) refers to glcd_spi_lpc1700.o(i.GLCD_Clear) for GLCD_Clear
    thread.o(i.switch_pic) refers to glcd_spi_lpc1700.o(i.GLCD_Bitmap) for GLCD_Bitmap
    thread.o(i.switch_pic) refers to thread.o(.data) for .data
    thread.o(i.usb_audio) refers to thread.o(.data) for .data
    thread.o(.constdata) refers to thread.o(i.joystick_listen) for joystick_listen
    thread.o(.constdata) refers to thread.o(i.main_thread) for main_thread
    glcd_spi_lpc1700.o(i.GLCD_Bargraph) refers to glcd_spi_lpc1700.o(i.GLCD_SetWindow) for GLCD_SetWindow
    glcd_spi_lpc1700.o(i.GLCD_Bargraph) refers to glcd_spi_lpc1700.o(i.wr_cmd) for wr_cmd
    glcd_spi_lpc1700.o(i.GLCD_Bargraph) refers to glcd_spi_lpc1700.o(.data) for .data
    glcd_spi_lpc1700.o(i.GLCD_Bitmap) refers to glcd_spi_lpc1700.o(i.GLCD_SetWindow) for GLCD_SetWindow
    glcd_spi_lpc1700.o(i.GLCD_Bitmap) refers to glcd_spi_lpc1700.o(i.wr_cmd) for wr_cmd
    glcd_spi_lpc1700.o(i.GLCD_Clear) refers to glcd_spi_lpc1700.o(i.GLCD_SetWindow) for GLCD_SetWindow
    glcd_spi_lpc1700.o(i.GLCD_Clear) refers to glcd_spi_lpc1700.o(i.wr_cmd) for wr_cmd
[...]
    rt_task.o(i.rt_tsk_delete) refers to rtx_conf_cm.o(.bss) for mp_tcb
    rt_task.o(i.rt_tsk_delete) refers to rtx_conf_cm.o(.constdata) for os_maxtaskrun
    rt_task.o(i.rt_tsk_pass) refers to rt_list.o(i.rt_get_same_rdy_prio) for rt_get_same_rdy_prio
    rt_task.o(i.rt_tsk_pass) refers to rt_list.o(i.rt_put_prio) for rt_put_prio
    rt_task.o(i.rt_tsk_pass) refers to rt_task.o(i.rt_switch_req) for rt_switch_req
    rt_task.o(i.rt_tsk_pass) refers to rt_task.o(.data) for .data
    rt_task.o(i.rt_tsk_pass) refers to rt_list.o(.bss) for os_rdy
    rt_task.o(i.rt_tsk_prio) refers to rt_list.o(i.rt_put_prio) for rt_put_prio
    rt_task.o(i.rt_tsk_prio) refers to rt_list.o(i.rt_resort_prio) for rt_resort_prio
    rt_task.o(i.rt_tsk_prio) refers to rt_list.o(i.rt_get_first) for rt_get_first
    rt_task.o(i.rt_tsk_prio) refers to rt_task.o(i.rt_dispatch) for rt_dispatch
    rt_task.o(i.rt_tsk_prio) refers to rt_task.o(.data) for .data
    rt_task.o(i.rt_tsk_prio) refers to rtx_conf_cm.o(.constdata) for os_maxtaskrun
    rt_task.o(i.rt_tsk_prio) refers to rtx_conf_cm.o(.bss) for os_active_TCB
    rt_task.o(i.rt_tsk_prio) refers to rt_list.o(.bss) for os_rdy
    rt_task.o(i.rt_tsk_self) refers to rt_task.o(.data) for .data
    rt_system.o(i.os_tick_init) refers to rtx_conf_cm.o(.constdata) for os_trv
    rt_system.o(i.os_tick_val) refers to rtx_conf_cm.o(.constdata) for os_trv
    rt_system.o(i.rt_pop_req) refers to rt_list.o(i.rt_put_rdy_first) for rt_put_rdy_first
    rt_system.o(i.rt_pop_req) refers to rt_semaphore.o(i.rt_sem_psh) for rt_sem_psh
    rt_system.o(i.rt_pop_req) refers to rt_list.o(i.rt_get_first) for rt_get_first
    rt_system.o(i.rt_pop_req) refers to rt_task.o(i.rt_switch_req) for rt_switch_req
    rt_system.o(i.rt_pop_req) refers to rt_event.o(i.rt_evt_psh) for rt_evt_psh
    rt_system.o(i.rt_pop_req) refers to rt_mailbox.o(i.rt_mbx_psh) for rt_mbx_psh
    rt_system.o(i.rt_pop_req) refers to rt_task.o(.data) for os_tsk
    rt_system.o(i.rt_pop_req) refers to rtx_conf_cm.o(.bss) for os_fifo
    rt_system.o(i.rt_pop_req) refers to rt_list.o(.bss) for os_rdy
    rt_system.o(i.rt_psh_req) refers to rt_system.o(.data) for .data
    rt_system.o(i.rt_resume) refers to rt_list.o(i.rt_put_rdy_first) for rt_put_rdy_first
    rt_system.o(i.rt_resume) refers to rt_list.o(i.rt_dec_dly) for rt_dec_dly
    rt_system.o(i.rt_resume) refers to rt_cmsis.o(i.sysUserTimerUpdate) for sysUserTimerUpdate
    rt_system.o(i.rt_resume) refers to rt_list.o(i.rt_get_first) for rt_get_first
    rt_system.o(i.rt_resume) refers to rt_task.o(i.rt_switch_req) for rt_switch_req
    rt_system.o(i.rt_resume) refers to rt_system.o(i.rt_tsk_unlock) for rt_tsk_unlock
    rt_system.o(i.rt_resume) refers to rt_task.o(.data) for os_tsk
    rt_system.o(i.rt_resume) refers to rt_robin.o(.data) for os_robin
    rt_system.o(i.rt_resume) refers to rt_list.o(.bss) for os_dly
    rt_system.o(i.rt_resume) refers to rt_time.o(.data) for os_time
    rt_system.o(i.rt_stk_check) refers to rtx_conf_cm.o(i.os_error) for os_error
    rt_system.o(i.rt_stk_check) refers to rt_task.o(.data) for os_tsk
    rt_system.o(i.rt_suspend) refers to rt_system.o(i.rt_tsk_lock) for rt_tsk_lock
    rt_system.o(i.rt_suspend) refers to rt_cmsis.o(i.sysUserTimerWakeupTime) for sysUserTimerWakeupTime
    rt_system.o(i.rt_suspend) refers to rt_list.o(.bss) for os_dly
    rt_system.o(i.rt_systick) refers to rt_list.o(i.rt_put_rdy_first) for rt_put_rdy_first
    rt_system.o(i.rt_systick) refers to rt_robin.o(i.rt_chk_robin) for rt_chk_robin
    rt_system.o(i.rt_systick) refers to rt_list.o(i.rt_dec_dly) for rt_dec_dly
    rt_system.o(i.rt_systick) refers to rt_cmsis.o(i.sysTimerTick) for sysTimerTick
    rt_system.o(i.rt_systick) refers to rt_list.o(i.rt_get_first) for rt_get_first
    rt_system.o(i.rt_systick) refers to rt_task.o(i.rt_switch_req) for rt_switch_req
    rt_system.o(i.rt_systick) refers to rt_task.o(.data) for os_tsk
    rt_system.o(i.rt_systick) refers to rt_time.o(.data) for os_time
    rt_system.o(i.rt_systick) refers to rt_list.o(.bss) for os_rdy
    rt_system.o(i.rt_tsk_lock) refers to rt_system.o(.data) for .data
    rt_system.o(i.rt_tsk_unlock) refers to rt_system.o(.data) for .data
    rt_event.o(i.isr_evt_set) refers to rt_list.o(i.rt_psq_enq) for rt_psq_enq
    rt_event.o(i.isr_evt_set) refers to rt_system.o(i.rt_psh_req) for rt_psh_req
    rt_event.o(i.isr_evt_set) refers to rtx_conf_cm.o(.bss) for os_active_TCB
    rt_event.o(i.rt_evt_clr) refers to rtx_conf_cm.o(.bss) for os_active_TCB
    rt_event.o(i.rt_evt_get) refers to rt_task.o(.data) for os_tsk
    rt_event.o(i.rt_evt_psh) refers to rt_list.o(i.rt_rmv_dly) for rt_rmv_dly
    rt_event.o(i.rt_evt_psh) refers to hal_cm.o(i.rt_ret_val2) for rt_ret_val2
    rt_event.o(i.rt_evt_psh) refers to rt_list.o(i.rt_put_prio) for rt_put_prio
    rt_event.o(i.rt_evt_psh) refers to rt_list.o(.bss) for os_rdy
    rt_event.o(i.rt_evt_set) refers to rt_list.o(i.rt_rmv_dly) for rt_rmv_dly
    rt_event.o(i.rt_evt_set) refers to hal_cm.o(i.rt_ret_val2) for rt_ret_val2
    rt_event.o(i.rt_evt_set) refers to rt_task.o(i.rt_dispatch) for rt_dispatch
    rt_event.o(i.rt_evt_set) refers to rtx_conf_cm.o(.bss) for os_active_TCB
    rt_event.o(i.rt_evt_wait) refers to rt_task.o(i.rt_block) for rt_block
    rt_event.o(i.rt_evt_wait) refers to rt_task.o(.data) for os_tsk
    rt_list.o(i.rt_dec_dly) refers to rt_list.o(i.rt_put_prio) for rt_put_prio
    rt_list.o(i.rt_dec_dly) refers to rt_list.o(.bss) for .bss
    rt_list.o(i.rt_dec_dly) refers to rt_time.o(.data) for os_time
    rt_list.o(i.rt_get_same_rdy_prio) refers to rt_list.o(.bss) for .bss
    rt_list.o(i.rt_get_same_rdy_prio) refers to rt_task.o(.data) for os_tsk
    rt_list.o(i.rt_psq_enq) refers to rtx_conf_cm.o(i.os_error) for os_error
    rt_list.o(i.rt_psq_enq) refers to rtx_conf_cm.o(.bss) for os_fifo
    rt_list.o(i.rt_put_dly) refers to rt_list.o(.bss) for .bss
    rt_list.o(i.rt_put_rdy_first) refers to rt_list.o(.bss) for .bss
    rt_list.o(i.rt_resort_prio) refers to rt_list.o(i.rt_rmv_list) for rt_rmv_list
    rt_list.o(i.rt_resort_prio) refers to rt_list.o(i.rt_put_prio) for rt_put_prio
    rt_list.o(i.rt_resort_prio) refers to rt_list.o(.bss) for .bss
    rt_list.o(i.rt_rmv_list) refers to rt_list.o(.bss) for .bss
    rt_mailbox.o(i.isr_mbx_receive) refers to rt_list.o(i.rt_psq_enq) for rt_psq_enq
    rt_mailbox.o(i.isr_mbx_receive) refers to rt_system.o(i.rt_psh_req) for rt_psh_req
    rt_mailbox.o(i.isr_mbx_send) refers to rt_list.o(i.rt_psq_enq) for rt_psq_enq
    rt_mailbox.o(i.isr_mbx_send) refers to rt_system.o(i.rt_psh_req) for rt_psh_req
    rt_mailbox.o(i.rt_mbx_psh) refers to rt_membox.o(i.rt_alloc_box) for rt_alloc_box
    rt_mailbox.o(i.rt_mbx_psh) refers to rt_list.o(i.rt_get_first) for rt_get_first
    rt_mailbox.o(i.rt_mbx_psh) refers to hal_cm.o(i.rt_ret_val) for rt_ret_val
    rt_mailbox.o(i.rt_mbx_psh) refers to rt_list.o(i.rt_rmv_dly) for rt_rmv_dly
    rt_mailbox.o(i.rt_mbx_psh) refers to rt_list.o(i.rt_put_prio) for rt_put_prio
    rt_mailbox.o(i.rt_mbx_psh) refers to hal_cm.o(i.rt_ret_val2) for rt_ret_val2
    rt_mailbox.o(i.rt_mbx_psh) refers to rtx_conf_cm.o(i.os_error) for os_error
    rt_mailbox.o(i.rt_mbx_psh) refers to rt_list.o(.bss) for os_rdy
    rt_mailbox.o(i.rt_mbx_send) refers to rt_list.o(i.rt_put_prio) for rt_put_prio
    rt_mailbox.o(i.rt_mbx_send) refers to rt_list.o(i.rt_get_first) for rt_get_first
    rt_mailbox.o(i.rt_mbx_send) refers to hal_cm.o(i.rt_ret_val2) for rt_ret_val2
    rt_mailbox.o(i.rt_mbx_send) refers to rt_list.o(i.rt_rmv_dly) for rt_rmv_dly
    rt_mailbox.o(i.rt_mbx_send) refers to rt_task.o(i.rt_dispatch) for rt_dispatch
    rt_mailbox.o(i.rt_mbx_send) refers to rt_task.o(i.rt_block) for rt_block
    rt_mailbox.o(i.rt_mbx_send) refers to rt_task.o(.data) for os_tsk
    rt_mailbox.o(i.rt_mbx_wait) refers to rt_list.o(i.rt_get_first) for rt_get_first
    rt_mailbox.o(i.rt_mbx_wait) refers to hal_cm.o(i.rt_ret_val) for rt_ret_val
    rt_mailbox.o(i.rt_mbx_wait) refers to rt_list.o(i.rt_rmv_dly) for rt_rmv_dly
    rt_mailbox.o(i.rt_mbx_wait) refers to rt_task.o(i.rt_dispatch) for rt_dispatch
    rt_mailbox.o(i.rt_mbx_wait) refers to rt_list.o(i.rt_put_prio) for rt_put_prio
    rt_mailbox.o(i.rt_mbx_wait) refers to rt_task.o(i.rt_block) for rt_block
    rt_mailbox.o(i.rt_mbx_wait) refers to rt_task.o(.data) for os_tsk
    rt_semaphore.o(i.isr_sem_send) refers to rt_list.o(i.rt_psq_enq) for rt_psq_enq
    rt_semaphore.o(i.isr_sem_send) refers to rt_system.o(i.rt_psh_req) for rt_psh_req
    rt_semaphore.o(i.rt_sem_delete) refers to rt_list.o(i.rt_get_first) for rt_get_first
    rt_semaphore.o(i.rt_sem_delete) refers to hal_cm.o(i.rt_ret_val) for rt_ret_val
    rt_semaphore.o(i.rt_sem_delete) refers to rt_list.o(i.rt_rmv_dly) for rt_rmv_dly
    rt_semaphore.o(i.rt_sem_delete) refers to rt_list.o(i.rt_put_prio) for rt_put_prio
    rt_semaphore.o(i.rt_sem_delete) refers to rt_task.o(i.rt_dispatch) for rt_dispatch
    rt_semaphore.o(i.rt_sem_delete) refers to rt_list.o(.bss) for os_rdy
    rt_semaphore.o(i.rt_sem_delete) refers to rt_task.o(.data) for os_tsk
    rt_semaphore.o(i.rt_sem_psh) refers to rt_list.o(i.rt_get_first) for rt_get_first
    rt_semaphore.o(i.rt_sem_psh) refers to rt_list.o(i.rt_rmv_dly) for rt_rmv_dly
    rt_semaphore.o(i.rt_sem_psh) refers to hal_cm.o(i.rt_ret_val) for rt_ret_val
    rt_semaphore.o(i.rt_sem_psh) refers to rt_list.o(i.rt_put_prio) for rt_put_prio
    rt_semaphore.o(i.rt_sem_psh) refers to rt_list.o(.bss) for os_rdy
    rt_semaphore.o(i.rt_sem_send) refers to rt_list.o(i.rt_get_first) for rt_get_first
    rt_semaphore.o(i.rt_sem_send) refers to hal_cm.o(i.rt_ret_val) for rt_ret_val
    rt_semaphore.o(i.rt_sem_send) refers to rt_list.o(i.rt_rmv_dly) for rt_rmv_dly
    rt_semaphore.o(i.rt_sem_send) refers to rt_task.o(i.rt_dispatch) for rt_dispatch
    rt_semaphore.o(i.rt_sem_wait) refers to rt_list.o(i.rt_put_prio) for rt_put_prio
    rt_semaphore.o(i.rt_sem_wait) refers to rt_task.o(i.rt_block) for rt_block
    rt_semaphore.o(i.rt_sem_wait) refers to rt_task.o(.data) for os_tsk
    rt_time.o(i.rt_dly_wait) refers to rt_task.o(i.rt_block) for rt_block
    rt_time.o(i.rt_itv_set) refers to rt_task.o(.data) for os_tsk
    rt_time.o(i.rt_itv_set) refers to rt_time.o(.data) for .data
    rt_time.o(i.rt_itv_wait) refers to rt_task.o(i.rt_block) for rt_block
    rt_time.o(i.rt_itv_wait) refers to rt_task.o(.data) for os_tsk
    rt_time.o(i.rt_itv_wait) refers to rt_time.o(.data) for .data
    rt_time.o(i.rt_time_get) refers to rt_time.o(.data) for .data
    rt_mutex.o(i.rt_mut_delete) refers to rt_list.o(i.rt_resort_prio) for rt_resort_prio
    rt_mutex.o(i.rt_mut_delete) refers to rt_list.o(i.rt_get_first) for rt_get_first
    rt_mutex.o(i.rt_mut_delete) refers to hal_cm.o(i.rt_ret_val) for rt_ret_val
    rt_mutex.o(i.rt_mut_delete) refers to rt_list.o(i.rt_rmv_dly) for rt_rmv_dly
    rt_mutex.o(i.rt_mut_delete) refers to rt_list.o(i.rt_put_prio) for rt_put_prio
    rt_mutex.o(i.rt_mut_delete) refers to rt_task.o(i.rt_dispatch) for rt_dispatch
    rt_mutex.o(i.rt_mut_delete) refers to rt_task.o(.data) for os_tsk
    rt_mutex.o(i.rt_mut_delete) refers to rt_list.o(.bss) for os_rdy
    rt_mutex.o(i.rt_mut_release) refers to rt_list.o(i.rt_get_first) for rt_get_first
    rt_mutex.o(i.rt_mut_release) refers to hal_cm.o(i.rt_ret_val) for rt_ret_val
    rt_mutex.o(i.rt_mut_release) refers to rt_list.o(i.rt_rmv_dly) for rt_rmv_dly
    rt_mutex.o(i.rt_mut_release) refers to rt_list.o(i.rt_put_prio) for rt_put_prio
    rt_mutex.o(i.rt_mut_release) refers to rt_task.o(i.rt_dispatch) for rt_dispatch
    rt_mutex.o(i.rt_mut_release) refers to rt_task.o(.data) for os_tsk
    rt_mutex.o(i.rt_mut_release) refers to rt_list.o(.bss) for os_rdy
    rt_mutex.o(i.rt_mut_wait) refers to rt_list.o(i.rt_resort_prio) for rt_resort_prio
    rt_mutex.o(i.rt_mut_wait) refers to rt_list.o(i.rt_put_prio) for rt_put_prio
    rt_mutex.o(i.rt_mut_wait) refers to rt_task.o(i.rt_block) for rt_block
    rt_mutex.o(i.rt_mut_wait) refers to rt_task.o(.data) for os_tsk
    rt_membox.o(i._calloc_box) refers to hal_cm3.o(.emb_text) for _alloc_box
    hal_cm.o(i.dbg_init) refers to hal_cm.o(.data) for .data
    hal_cm.o(i.rt_init_stack) refers to rtx_conf_cm.o(.constdata) for os_stackinfo
    rt_robin.o(i.rt_chk_robin) refers to rt_list.o(i.rt_get_first) for rt_get_first
    rt_robin.o(i.rt_chk_robin) refers to rt_list.o(i.rt_put_prio) for rt_put_prio
    rt_robin.o(i.rt_chk_robin) refers to rt_robin.o(.data) for .data
    rt_robin.o(i.rt_chk_robin) refers to rt_list.o(.bss) for os_rdy
    rt_robin.o(i.rt_chk_robin) refers to rt_time.o(.data) for os_time
    rt_robin.o(i.rt_init_robin) refers to rt_robin.o(.data) for .data
    rt_robin.o(i.rt_init_robin) refers to rtx_conf_cm.o(.constdata) for os_rrobin
    hal_cm3.o(.emb_text) refers to rtx_conf_cm.o(.constdata) for os_flags
    hal_cm3.o(.emb_text) refers to rt_membox.o(i.rt_alloc_box) for rt_alloc_box
    hal_cm3.o(.emb_text) refers to rt_membox.o(i.rt_free_box) for rt_free_box
    hal_cm3.o(.emb_text) refers to rt_system.o(i.rt_stk_check) for rt_stk_check
    hal_cm3.o(.emb_text) refers to rt_task.o(.data) for os_tsk
    hal_cm3.o(.emb_text) refers to svc_table.o(SVC_TABLE) for SVC_Count
    hal_cm3.o(.emb_text) refers to rt_system.o(i.rt_pop_req) for rt_pop_req
    hal_cm3.o(.emb_text) refers to rt_system.o(i.rt_systick) for rt_systick
    hal_cm3.o(.emb_text) refers to rt_system.o(i.os_tick_irqack) for os_tick_irqack
    entry.o(.ARM.Collect$$$$00000000) refers (Special) to entry10a.o(.ARM.Collect$$$$0000000D) for __rt_final_cpp
    entry.o(.ARM.Collect$$$$00000000) refers (Special) to entry11a.o(.ARM.Collect$$$$0000000F) for __rt_final_exit
    entry.o(.ARM.Collect$$$$00000000) refers (Special) to entry7b.o(.ARM.Collect$$$$00000008) for _main_clock
    entry.o(.ARM.Collect$$$$00000000) refers (Special) to entry8b.o(.ARM.Collect$$$$0000000A) for _main_cpp_init
    entry.o(.ARM.Collect$$$$00000000) refers (Special) to rtx_conf_cm.o(.ARM.Collect$$$$000000FF) for _main_init
    entry.o(.ARM.Collect$$$$00000000) refers (Special) to entry5.o(.ARM.Collect$$$$00000004) for _main_scatterload
    entry.o(.ARM.Collect$$$$00000000) refers (Special) to entry2.o(.ARM.Collect$$$$00000001) for _main_stk
    uldiv.o(.text) refers to llushr.o(.text) for __aeabi_llsr
    uldiv.o(.text) refers to llshl.o(.text) for __aeabi_llsl
    rand.o(.text) refers to rand.o(.data) for .data
    entry2.o(.ARM.Collect$$$$00000001) refers to entry2.o(.ARM.Collect$$$$00002712) for __lit__00000000
    entry2.o(.ARM.Collect$$$$00002712) refers to startup_lpc17xx.o(STACK) for __initial_sp
    entry2.o(__vectab_stack_and_reset_area) refers to startup_lpc17xx.o(STACK) for __initial_sp
    entry2.o(__vectab_stack_and_reset_area) refers to entry.o(.ARM.Collect$$$$00000000) for __main
    entry5.o(.ARM.Collect$$$$00000004) refers to init.o(.text) for __scatterload
    init.o(.text) refers to entry5.o(.ARM.Collect$$$$00000004) for __main_after_scatterload


==============================================================================

Removing Unused input sections from the image.

    Removing main.o(.rev16_text), (4 bytes).
    Removing main.o(.revsh_text), (4 bytes).
    Removing main.o(.rrx_text), (6 bytes).
    Removing thread.o(i.fire), (92 bytes).
    Removing thread.o(i.fputc), (32 bytes).
    Removing thread.o(i.main_menu), (56 bytes).
    Removing thread.o(i.photo_gallery), (76 bytes).
    Removing thread.o(i.usb_audio), (20 bytes).
    Removing thread.o(.data), (4 bytes).
    Removing thread.o(.data), (4 bytes).
    Removing glcd_spi_lpc1700.o(.rev16_text), (4 bytes).
    Removing glcd_spi_lpc1700.o(.revsh_text), (4 bytes).
    Removing glcd_spi_lpc1700.o(.rrx_text), (6 bytes).
    Removing glcd_spi_lpc1700.o(i.GLCD_Bargraph), (168 bytes).
    Removing glcd_spi_lpc1700.o(i.GLCD_ClearLn), (180 bytes).
    Removing glcd_spi_lpc1700.o(i.GLCD_DisplayChar), (88 bytes).
    Removing glcd_spi_lpc1700.o(i.GLCD_PutPixel), (184 bytes).
    Removing glcd_spi_lpc1700.o(i.GLCD_ScrollVertical), (2 bytes).
    Removing glcd_spi_lpc1700.o(i.GLCD_WindowMax), (14 bytes).
    Removing glcd_spi_lpc1700.o(i.GLCD_WrCmd), (4 bytes).
    Removing glcd_spi_lpc1700.o(i.GLCD_WrReg), (18 bytes).
    Removing kbd.o(.rev16_text), (4 bytes).
    Removing kbd.o(.revsh_text), (4 bytes).
    Removing kbd.o(.rrx_text), (6 bytes).
    Removing kbd.o(i.KBD_get), (16 bytes).
    Removing kbd.o(.data), (4 bytes).
    Removing rtx_conf_cm.o(.constdata), (4 bytes).
    Removing rtx_conf_cm.o(.constdata), (2 bytes).
    Removing rtx_conf_cm.o(.constdata), (2 bytes).
    Removing rtx_conf_cm.o(.data), (4 bytes).
    Removing gpio_lpc17xx.o(.rev16_text), (4 bytes).
    Removing gpio_lpc17xx.o(.revsh_text), (4 bytes).
    Removing gpio_lpc17xx.o(.rrx_text), (6 bytes).
    Removing gpio_lpc17xx.o(i.GPIO_PinRead), (26 bytes).
    Removing gpio_lpc17xx.o(i.GPIO_PinWrite), (26 bytes).
    Removing gpio_lpc17xx.o(i.GPIO_PortClock), (28 bytes).
    Removing gpio_lpc17xx.o(i.GPIO_PortRead), (14 bytes).
    Removing gpio_lpc17xx.o(i.GPIO_PortWrite), (18 bytes).
    Removing gpio_lpc17xx.o(i.GPIO_SetDir), (32 bytes).
    Removing pin_lpc17xx.o(.rev16_text), (4 bytes).
    Removing pin_lpc17xx.o(.revsh_text), (4 bytes).
    Removing pin_lpc17xx.o(.rrx_text), (6 bytes).
    Removing pin_lpc17xx.o(i.PIN_Configure), (126 bytes).
    Removing pin_lpc17xx.o(i.PIN_ConfigureI2C0Pins), (28 bytes).
    Removing pin_lpc17xx.o(i.PIN_ConfigureTPIU), (28 bytes).
    Removing startup_lpc17xx.o(HEAP), (0 bytes).
    Removing system_lpc17xx.o(.rev16_text), (4 bytes).
    Removing system_lpc17xx.o(.revsh_text), (4 bytes).
    Removing system_lpc17xx.o(.rrx_text), (6 bytes).
    Removing rt_cmsis.o(.rev16_text), (4 bytes).
    Removing rt_cmsis.o(.revsh_text), (4 bytes).
    Removing rt_cmsis.o(.rrx_text), (6 bytes).
    Removing rt_cmsis.o(i.isrSemaphoreRelease), (40 bytes).
    Removing rt_cmsis.o(i.isrSignalSet), (36 bytes).
    Removing rt_cmsis.o(i.osKernelRunning), (36 bytes).
    Removing rt_cmsis.o(i.osKernelSysTick), (24 bytes).
    Removing rt_cmsis.o(i.osMailAlloc), (28 bytes).
    Removing rt_cmsis.o(i.osMailCAlloc), (48 bytes).
    Removing rt_cmsis.o(i.osMailCreate), (44 bytes).
    Removing rt_cmsis.o(i.osMailFree), (28 bytes).
    Removing rt_cmsis.o(i.osMailGet), (22 bytes).
    Removing rt_cmsis.o(i.osMailPut), (20 bytes).
    Removing rt_cmsis.o(i.osMessageCreate), (44 bytes).
    Removing rt_cmsis.o(i.osMessagePut), (24 bytes).
    Removing rt_cmsis.o(i.osMutexCreate), (44 bytes).
    Removing rt_cmsis.o(i.osMutexDelete), (24 bytes).
    Removing rt_cmsis.o(i.osMutexRelease), (24 bytes).
    Removing rt_cmsis.o(i.osMutexWait), (24 bytes).
    Removing rt_cmsis.o(i.osPoolAlloc), (32 bytes).
    Removing rt_cmsis.o(i.osPoolCAlloc), (52 bytes).
    Removing rt_cmsis.o(i.osPoolCreate), (44 bytes).
    Removing rt_cmsis.o(i.osPoolFree), (32 bytes).
    Removing rt_cmsis.o(i.osSemaphoreCreate), (44 bytes).
    Removing rt_cmsis.o(i.osSemaphoreDelete), (24 bytes).
    Removing rt_cmsis.o(i.osSemaphoreRelease), (24 bytes).
    Removing rt_cmsis.o(i.osSemaphoreWait), (24 bytes).
    Removing rt_cmsis.o(i.osSignalClear), (24 bytes).
    Removing rt_cmsis.o(i.osSignalSet), (24 bytes).
    Removing rt_cmsis.o(i.osSignalWait), (24 bytes).
    Removing rt_cmsis.o(i.osThreadGetId), (24 bytes).
    Removing rt_cmsis.o(i.osThreadGetPriority), (24 bytes).
    Removing rt_cmsis.o(i.osThreadSetPriority), (24 bytes).
    Removing rt_cmsis.o(i.osThreadTerminate), (24 bytes).
    Removing rt_cmsis.o(i.osThreadYield), (24 bytes).
    Removing rt_cmsis.o(i.osTimerCreate), (44 bytes).
    Removing rt_cmsis.o(i.osTimerDelete), (24 bytes).
    Removing rt_cmsis.o(i.osTimerStart), (24 bytes).
    Removing rt_cmsis.o(i.osTimerStop), (24 bytes).
    Removing rt_cmsis.o(i.osWait), (4 bytes).
    Removing rt_cmsis.o(i.os_resume), (12 bytes).
    Removing rt_cmsis.o(i.os_suspend), (12 bytes).
    Removing rt_cmsis.o(i.rt_clr_box), (24 bytes).
    Removing rt_cmsis.o(i.rt_timer_remove), (60 bytes).
    Removing rt_cmsis.o(i.svcKernelRunning), (12 bytes).
    Removing rt_cmsis.o(i.svcKernelSysTick), (56 bytes).
    Removing rt_cmsis.o(i.svcMailCreate), (66 bytes).
    Removing rt_cmsis.o(i.svcMessagePut), (54 bytes).
    Removing rt_cmsis.o(i.svcMutexCreate), (28 bytes).
    Removing rt_cmsis.o(i.svcMutexDelete), (26 bytes).
    Removing rt_cmsis.o(i.svcMutexRelease), (34 bytes).
    Removing rt_cmsis.o(i.svcMutexWait), (58 bytes).
    Removing rt_cmsis.o(i.svcPoolCreate), (40 bytes).
    Removing rt_cmsis.o(i.svcSemaphoreCreate), (36 bytes).
    Removing rt_cmsis.o(i.svcSemaphoreDelete), (26 bytes).
    Removing rt_cmsis.o(i.svcSemaphoreRelease), (40 bytes).
    Removing rt_cmsis.o(i.svcSemaphoreWait), (50 bytes).
    Removing rt_cmsis.o(i.svcSignalClear), (36 bytes).
    Removing rt_cmsis.o(i.svcSignalSet), (36 bytes).
    Removing rt_cmsis.o(i.svcSignalWait), (84 bytes).
    Removing rt_cmsis.o(i.svcThreadGetPriority), (18 bytes).
    Removing rt_cmsis.o(i.svcThreadSetPriority), (46 bytes).
    Removing rt_cmsis.o(i.svcThreadYield), (10 bytes).
    Removing rt_cmsis.o(i.svcTimerCreate), (56 bytes).
    Removing rt_cmsis.o(i.svcTimerDelete), (40 bytes).
    Removing rt_cmsis.o(i.svcTimerStart), (100 bytes).
    Removing rt_cmsis.o(i.svcTimerStop), (36 bytes).
    Removing rt_cmsis.o(i.sysMailAlloc), (88 bytes).
    Removing rt_cmsis.o(i.sysMailFree), (96 bytes).
    Removing rt_cmsis.o(i.sysPoolAlloc), (10 bytes).
    Removing rt_cmsis.o(i.sysPoolFree), (20 bytes).
    Removing rt_cmsis.o(i.sysUserTimerUpdate), (48 bytes).
    Removing rt_cmsis.o(i.sysUserTimerWakeupTime), (20 bytes).
    Removing rt_task.o(i.rt_tsk_pass), (48 bytes).
    Removing rt_system.o(.emb_text), (0 bytes).
    Removing rt_system.o(i.os_tick_ovf), (16 bytes).
    Removing rt_system.o(i.os_tick_val), (20 bytes).
    Removing rt_system.o(i.rt_resume), (136 bytes).
    Removing rt_system.o(i.rt_suspend), (36 bytes).
    Removing rt_system.o(i.rt_tsk_lock), (80 bytes).
    Removing rt_system.o(i.rt_tsk_unlock), (80 bytes).
    Removing rt_event.o(i.isr_evt_set), (40 bytes).
    Removing rt_event.o(i.rt_evt_clr), (28 bytes).
    Removing rt_event.o(i.rt_evt_get), (12 bytes).
    Removing rt_event.o(i.rt_evt_set), (92 bytes).
    Removing rt_event.o(i.rt_evt_wait), (60 bytes).
    Removing rt_list.o(i.rt_get_same_rdy_prio), (36 bytes).
    Removing rt_mailbox.o(i.rt_mbx_send), (152 bytes).
    Removing rt_semaphore.o(i.isr_sem_send), (16 bytes).
    Removing rt_semaphore.o(i.rt_sem_delete), (92 bytes).
    Removing rt_semaphore.o(i.rt_sem_init), (12 bytes).
    Removing rt_semaphore.o(i.rt_sem_send), (42 bytes).
    Removing rt_semaphore.o(i.rt_sem_wait), (64 bytes).
    Removing rt_time.o(i.rt_itv_set), (24 bytes).
    Removing rt_time.o(i.rt_itv_wait), (40 bytes).
    Removing rt_time.o(i.rt_time_get), (12 bytes).
    Removing rt_mutex.o(i.rt_mut_delete), (176 bytes).
    Removing rt_mutex.o(i.rt_mut_init), (16 bytes).
    Removing rt_mutex.o(i.rt_mut_release), (216 bytes).
    Removing rt_mutex.o(i.rt_mut_wait), (120 bytes).
    Removing rt_membox.o(i._calloc_box), (30 bytes).

150 unused section(s) (total 5570 bytes) removed from the image.

==============================================================================

Image Symbol Table

    Local Symbols

    Symbol Name                              Value     Ov Type        Size  Object(Section)

    RESET                                    0x00000000   Section      204  startup_lpc17xx.o(RESET)
    ../clib/../cmprslib/lz77c.c              0x00000000   Number         0  __dclz77c.o ABSOLUTE
    ../clib/microlib/division.c              0x00000000   Number         0  uldiv.o ABSOLUTE
    ../clib/microlib/init/entry.s            0x00000000   Number         0  entry2.o ABSOLUTE
    ../clib/microlib/init/entry.s            0x00000000   Number         0  entry7b.o ABSOLUTE
    ../clib/microlib/init/entry.s            0x00000000   Number         0  entry8a.o ABSOLUTE
    ../clib/microlib/init/entry.s            0x00000000   Number         0  entry8b.o ABSOLUTE
    ../clib/microlib/init/entry.s            0x00000000   Number         0  entry7a.o ABSOLUTE
    ../clib/microlib/init/entry.s            0x00000000   Number         0  entry11a.o ABSOLUTE
    ../clib/microlib/init/entry.s            0x00000000   Number         0  entry10a.o ABSOLUTE
    ../clib/microlib/init/entry.s            0x00000000   Number         0  entry10b.o ABSOLUTE
    ../clib/microlib/init/entry.s            0x00000000   Number         0  entry11b.o ABSOLUTE
    ../clib/microlib/init/entry.s            0x00000000   Number         0  entry5.o ABSOLUTE
    ../clib/microlib/init/entry.s            0x00000000   Number         0  entry.o ABSOLUTE
    ../clib/microlib/longlong.c              0x00000000   Number         0  llshl.o ABSOLUTE
    ../clib/microlib/longlong.c              0x00000000   Number         0  llushr.o ABSOLUTE
    ../clib/microlib/stdlib/rand.c           0x00000000   Number         0  rand.o ABSOLUTE
    ../clib/microlib/string/memset.c         0x00000000   Number         0  memseta.o ABSOLUTE
    ..\HAL_CM.c                              0x00000000   Number         0  hal_cm.o ABSOLUTE
    ..\\rt_CMSIS.c                           0x00000000   Number         0  rt_cmsis.o ABSOLUTE
    ..\\rt_System.c                          0x00000000   Number         0  rt_system.o ABSOLUTE
    ..\rt_CMSIS.c                            0x00000000   Number         0  rt_cmsis.o ABSOLUTE
    ..\rt_Event.c                            0x00000000   Number         0  rt_event.o ABSOLUTE
    ..\rt_List.c                             0x00000000   Number         0  rt_list.o ABSOLUTE
    ..\rt_Mailbox.c                          0x00000000   Number         0  rt_mailbox.o ABSOLUTE
    ..\rt_MemBox.c                           0x00000000   Number         0  rt_membox.o ABSOLUTE
    ..\rt_Memory.c                           0x00000000   Number         0  rt_memory.o ABSOLUTE
    ..\rt_Mutex.c                            0x00000000   Number         0  rt_mutex.o ABSOLUTE
    ..\rt_Robin.c                            0x00000000   Number         0  rt_robin.o ABSOLUTE
    ..\rt_Semaphore.c                        0x00000000   Number         0  rt_semaphore.o ABSOLUTE
    ..\rt_System.c                           0x00000000   Number         0  rt_system.o ABSOLUTE
    ..\rt_Task.c                             0x00000000   Number         0  rt_task.o ABSOLUTE
    ..\rt_Time.c                             0x00000000   Number         0  rt_time.o ABSOLUTE
    C:\Users\ECBME\AppData\Local\Arm\Packs\Keil\LPC1700_DFP\2.6.0\RTE_Driver\GPIO_LPC17xx.c 0x00000000   Number         0  gpio_lpc17xx.o ABSOLUTE
    C:\Users\ECBME\AppData\Local\Arm\Packs\Keil\LPC1700_DFP\2.6.0\RTE_Driver\PIN_LPC17xx.c 0x00000000   Number         0  pin_lpc17xx.o ABSOLUTE
    C:\\Users\\ECBME\\AppData\\Local\\Arm\\Packs\\Keil\\LPC1700_DFP\\2.6.0\\RTE_Driver\\GPIO_LPC17xx.c 0x00000000   Number         0  gpio_lpc17xx.o ABSOLUTE
    C:\\Users\\ECBME\\AppData\\Local\\Arm\\Packs\\Keil\\LPC1700_DFP\\2.6.0\\RTE_Driver\\PIN_LPC17xx.c 0x00000000   Number         0  pin_lpc17xx.o ABSOLUTE
    GLCD_SPI_LPC1700.c                       0x00000000   Number         0  glcd_spi_lpc1700.o ABSOLUTE
    GLCD_SPI_LPC1700.c                       0x00000000   Number         0  glcd_spi_lpc1700.o ABSOLUTE
    HAL_CM3.c                                0x00000000   Number         0  hal_cm3.o ABSOLUTE
    HAL_CM3.c                                0x00000000   Number         0  hal_cm3.o ABSOLUTE
    KBD.c                                    0x00000000   Number         0  kbd.o ABSOLUTE
    KBD.c                                    0x00000000   Number         0  kbd.o ABSOLUTE
    RTE\CMSIS\RTX_Conf_CM.c                  0x00000000   Number         0  rtx_conf_cm.o ABSOLUTE
    RTE\Device\LPC1768\startup_LPC17xx.s     0x00000000   Number         0  startup_lpc17xx.o ABSOLUTE
    RTE\Device\LPC1768\system_LPC17xx.c      0x00000000   Number         0  system_lpc17xx.o ABSOLUTE
    RTE\\Device\\LPC1768\\system_LPC17xx.c   0x00000000   Number         0  system_lpc17xx.o ABSOLUTE
    SVC_Table.s                              0x00000000   Number         0  svc_table.o ABSOLUTE
    Thread.c                                 0x00000000   Number         0  thread.o ABSOLUTE
    dc.s                                     0x00000000   Number         0  dc.o ABSOLUTE
    handlers.s                               0x00000000   Number         0  handlers.o ABSOLUTE
    init.s                                   0x00000000   Number         0  init.o ABSOLUTE
    main.c                                   0x00000000   Number         0  main.o ABSOLUTE
    main.c                                   0x00000000   Number         0  main.o ABSOLUTE
    .ARM.Collect$$$$00000000                 0x000000cc   Section        0  entry.o(.ARM.Collect$$$$00000000)
    .ARM.Collect$$$$00000001                 0x000000cc   Section        4  entry2.o(.ARM.Collect$$$$00000001)
    .ARM.Collect$$$$00000004                 0x000000d0   Section        4  entry5.o(.ARM.Collect$$$$00000004)
    .ARM.Collect$$$$00000008                 0x000000d4   Section        0  entry7b.o(.ARM.Collect$$$$00000008)
    .ARM.Collect$$$$0000000A                 0x000000d4   Section        0  entry8b.o(.ARM.Collect$$$$0000000A)
    .ARM.Collect$$$$0000000D                 0x000000d4   Section        0  entry10a.o(.ARM.Collect$$$$0000000D)
    .ARM.Collect$$$$0000000F                 0x000000d4   Section        0  entry11a.o(.ARM.Collect$$$$0000000F)
    .ARM.Collect$$$$000000FF                 0x000000d4   Section        0  rtx_conf_cm.o(.ARM.Collect$$$$000000FF)
    .ARM.Collect$$$$00002712                 0x000000ec   Section        4  entry2.o(.ARM.Collect$$$$00002712)
    __lit__00000000                          0x000000ec   Data           4  entry2.o(.ARM.Collect$$$$00002712)
    .emb_text                                0x000000f0   Section      304  hal_cm3.o(.emb_text)
    .text                                    0x00000220   Section       36  startup_lpc17xx.o(.text)
    .text                                    0x00000244   Section        0  uldiv.o(.text)
    .text                                    0x000002a8   Section        0  rand.o(.text)
    .text                                    0x000002cc   Section        0  llshl.o(.text)
    SVC_TABLE                                0x000002ec   Section        4  svc_table.o(SVC_TABLE)
    i.GLCD_SetBackColor                      0x000002f0   Section        0  glcd_spi_lpc1700.o(i.GLCD_SetBackColor)
    .ARM.__at_0x02FC                         0x000002fc   Section        4  startup_lpc17xx.o(.ARM.__at_0x02FC)
    .text                                    0x00000300   Section        0  llushr.o(.text)
    .text                                    0x00000320   Section       36  init.o(.text)
    .text                                    0x00000344   Section        0  __dclz77c.o(.text)
    i.GLCD_Bitmap                            0x000003a4   Section        0  glcd_spi_lpc1700.o(i.GLCD_Bitmap)
    i.GLCD_Clear                             0x00000428   Section        0  glcd_spi_lpc1700.o(i.GLCD_Clear)
    i.GLCD_DisplayString                     0x00000490   Section        0  glcd_spi_lpc1700.o(i.GLCD_DisplayString)
    i.GLCD_DrawChar                          0x00000504   Section        0  glcd_spi_lpc1700.o(i.GLCD_DrawChar)
    i.GLCD_Init                              0x00000600   Section        0  glcd_spi_lpc1700.o(i.GLCD_Init)
    i.GLCD_SetTextColor                      0x00000ed8   Section        0  glcd_spi_lpc1700.o(i.GLCD_SetTextColor)
    i.GLCD_SetWindow                         0x00000ee4   Section        0  glcd_spi_lpc1700.o(i.GLCD_SetWindow)
    i.Init_Thread                            0x00000fdc   Section        0  thread.o(i.Init_Thread)
    i.KBD_Init                               0x00001010   Section        0  kbd.o(i.KBD_Init)
    i.SystemCoreClockUpdate                  0x00001044   Section        0  system_lpc17xx.o(i.SystemCoreClockUpdate)
    i.SystemInit                             0x00001160   Section        0  system_lpc17xx.o(i.SystemInit)
    i.__scatterload_copy                     0x00001240   Section       14  handlers.o(i.__scatterload_copy)
    i.__scatterload_null                     0x0000124e   Section        2  handlers.o(i.__scatterload_null)
    i.__scatterload_zeroinit                 0x00001250   Section       14  handlers.o(i.__scatterload_zeroinit)
    i._init_box                              0x0000125e   Section        0  rt_membox.o(i._init_box)
    i.change_screen                          0x000012a4   Section        0  thread.o(i.change_screen)
    i.dbg_init                               0x00001394   Section        0  hal_cm.o(i.dbg_init)
    i.dbg_task_notify                        0x000013c4   Section        0  hal_cm.o(i.dbg_task_notify)
    i.dbg_task_switch                        0x000013e4   Section        0  hal_cm.o(i.dbg_task_switch)
    i.gen_level                              0x000013f4   Section        0  thread.o(i.gen_level)
    i.get_button                             0x00001434   Section        0  kbd.o(i.get_button)
    i.highlight_option                       0x00001448   Section        0  thread.o(i.highlight_option)
    i.hit_the_target_game                    0x0000157c   Section        0  thread.o(i.hit_the_target_game)
    i.isrMessageGet                          0x000016a4   Section        0  rt_cmsis.o(i.isrMessageGet)
    i.isrMessagePut                          0x000016ce   Section        0  rt_cmsis.o(i.isrMessagePut)
    i.isr_mbx_receive                        0x000016fc   Section        0  rt_mailbox.o(i.isr_mbx_receive)
    i.isr_mbx_send                           0x00001752   Section        0  rt_mailbox.o(i.isr_mbx_send)
    i.joystick_listen                        0x00001760   Section        0  thread.o(i.joystick_listen)
    i.main                                   0x00001770   Section        0  main.o(i.main)
    i.main_thread                            0x00001790   Section        0  thread.o(i.main_thread)
    i.move_player                            0x000017c0   Section        0  thread.o(i.move_player)
    i.osDelay                                0x000017fc   Section        0  rt_cmsis.o(i.osDelay)
    i.osKernelInitialize                     0x00001814   Section        0  rt_cmsis.o(i.osKernelInitialize)
    i.osKernelStart                          0x00001838   Section        0  rt_cmsis.o(i.osKernelStart)
    i.osMessageGet                           0x000018a4   Section        0  rt_cmsis.o(i.osMessageGet)
    i.osThreadCreate                         0x000018bc   Section        0  rt_cmsis.o(i.osThreadCreate)
    i.osThreadExit                           0x000018e8   Section        0  rt_cmsis.o(i.osThreadExit)
    i.osTimerCall                            0x00001900   Section        0  rt_cmsis.o(i.osTimerCall)
    i.osTimerThread                          0x0000190c   Section        0  rt_cmsis.o(i.osTimerThread)
    i.os_error                               0x00001938   Section        0  rtx_conf_cm.o(i.os_error)
    i.os_idle_demon                          0x0000193a   Section        0  rtx_conf_cm.o(i.os_idle_demon)
    i.os_tick_init                           0x0000193c   Section        0  rt_system.o(i.os_tick_init)
    i.os_tick_irqack                         0x00001964   Section        0  rt_system.o(i.os_tick_irqack)
    i.rt_alloc_box                           0x00001966   Section        0  rt_membox.o(i.rt_alloc_box)
    i.rt_alloc_mem                           0x00001980   Section        0  rt_memory.o(i.rt_alloc_mem)
    i.rt_block                               0x000019c0   Section        0  rt_task.o(i.rt_block)
    i.rt_chk_robin                           0x000019f8   Section        0  rt_robin.o(i.rt_chk_robin)
    i.rt_dec_dly                             0x00001a40   Section        0  rt_list.o(i.rt_dec_dly)
    i.rt_dispatch                            0x00001ab0   Section        0  rt_task.o(i.rt_dispatch)
    i.rt_dly_wait                            0x00001af4   Section        0  rt_time.o(i.rt_dly_wait)
    i.rt_evt_psh                             0x00001afc   Section        0  rt_event.o(i.rt_evt_psh)
    i.rt_free_box                            0x00001b4c   Section        0  rt_membox.o(i.rt_free_box)
    i.rt_free_mem                            0x00001b78   Section        0  rt_memory.o(i.rt_free_mem)
    i.rt_get_first                           0x00001ba0   Section        0  rt_list.o(i.rt_get_first)
    i.rt_id2obj                              0x00001bc8   Section        0  rt_cmsis.o(i.rt_id2obj)
    rt_id2obj                                0x00001bc9   Thumb Code     8  rt_cmsis.o(i.rt_id2obj)
    i.rt_init_context                        0x00001bd0   Section        0  rt_task.o(i.rt_init_context)
    rt_init_context                          0x00001bd1   Thumb Code    66  rt_task.o(i.rt_init_context)
    i.rt_init_mem                            0x00001c18   Section        0  rt_memory.o(i.rt_init_mem)
    i.rt_init_robin                          0x00001c34   Section        0  rt_robin.o(i.rt_init_robin)
    i.rt_init_stack                          0x00001c4c   Section        0  hal_cm.o(i.rt_init_stack)
    i.rt_mbx_check                           0x00001ccc   Section        0  rt_mailbox.o(i.rt_mbx_check)
    i.rt_mbx_init                            0x00001cd4   Section        0  rt_mailbox.o(i.rt_mbx_init)
    i.rt_mbx_psh                             0x00001cf0   Section        0  rt_mailbox.o(i.rt_mbx_psh)
    i.rt_mbx_wait                            0x00001de0   Section        0  rt_mailbox.o(i.rt_mbx_wait)
    i.rt_ms2tick                             0x00001e94   Section        0  rt_cmsis.o(i.rt_ms2tick)
    rt_ms2tick                               0x00001e95   Thumb Code    58  rt_cmsis.o(i.rt_ms2tick)
    i.rt_pop_req                             0x00001ed8   Section        0  rt_system.o(i.rt_pop_req)
    i.rt_psh_req                             0x00001f54   Section        0  rt_system.o(i.rt_psh_req)
    i.rt_psq_enq                             0x00001f74   Section        0  rt_list.o(i.rt_psq_enq)
    i.rt_put_dly                             0x00001fd0   Section        0  rt_list.o(i.rt_put_dly)
    i.rt_put_prio                            0x00002018   Section        0  rt_list.o(i.rt_put_prio)
    i.rt_put_rdy_first                       0x00002050   Section        0  rt_list.o(i.rt_put_rdy_first)
    i.rt_resort_prio                         0x00002064   Section        0  rt_list.o(i.rt_resort_prio)
    i.rt_ret_val                             0x00002098   Section        0  hal_cm.o(i.rt_ret_val)
    i.rt_ret_val2                            0x0000209e   Section        0  hal_cm.o(i.rt_ret_val2)
    i.rt_rmv_dly                             0x000020a6   Section        0  rt_list.o(i.rt_rmv_dly)
    i.rt_rmv_list                            0x000020d0   Section        0  rt_list.o(i.rt_rmv_list)
    i.rt_sem_psh                             0x00002100   Section        0  rt_semaphore.o(i.rt_sem_psh)
    i.rt_stk_check                           0x00002134   Section        0  rt_system.o(i.rt_stk_check)
    i.rt_switch_req                          0x00002158   Section        0  rt_task.o(i.rt_switch_req)
    i.rt_sys_init                            0x00002180   Section        0  rt_task.o(i.rt_sys_init)
    i.rt_sys_start                           0x0000224c   Section        0  rt_task.o(i.rt_sys_start)
    i.rt_systick                             0x000022c4   Section        0  rt_system.o(i.rt_systick)
    i.rt_tid2ptcb                            0x00002304   Section        0  rt_cmsis.o(i.rt_tid2ptcb)
    rt_tid2ptcb                              0x00002305   Thumb Code    18  rt_cmsis.o(i.rt_tid2ptcb)
    i.rt_timer_insert                        0x00002318   Section        0  rt_cmsis.o(i.rt_timer_insert)
    rt_timer_insert                          0x00002319   Thumb Code    48  rt_cmsis.o(i.rt_timer_insert)
    i.rt_tsk_create                          0x0000234c   Section        0  rt_task.o(i.rt_tsk_create)
    i.rt_tsk_delete                          0x000023d4   Section        0  rt_task.o(i.rt_tsk_delete)
    i.rt_tsk_prio                            0x00002550   Section        0  rt_task.o(i.rt_tsk_prio)
    i.rt_tsk_self                            0x000025cc   Section        0  rt_task.o(i.rt_tsk_self)
    i.spi_tran_man                           0x000025dc   Section        0  glcd_spi_lpc1700.o(i.spi_tran_man)
    spi_tran_man                             0x000025dd   Thumb Code   112  glcd_spi_lpc1700.o(i.spi_tran_man)
    i.svcDelay                               0x00002654   Section        0  rt_cmsis.o(i.svcDelay)
    i.svcKernelInitialize                    0x00002668   Section        0  rt_cmsis.o(i.svcKernelInitialize)
    i.svcKernelStart                         0x000026d8   Section        0  rt_cmsis.o(i.svcKernelStart)
    i.svcMessageCreate                       0x00002720   Section        0  rt_cmsis.o(i.svcMessageCreate)
    i.svcMessageGet                          0x00002744   Section        0  rt_cmsis.o(i.svcMessageGet)
    i.svcThreadCreate                        0x00002780   Section        0  rt_cmsis.o(i.svcThreadCreate)
    i.svcThreadGetId                         0x000027ec   Section        0  rt_cmsis.o(i.svcThreadGetId)
    i.svcThreadTerminate                     0x00002808   Section        0  rt_cmsis.o(i.svcThreadTerminate)
    i.svcTimerCall                           0x00002840   Section        0  rt_cmsis.o(i.svcTimerCall)
    i.switch_pic                             0x00002858   Section        0  thread.o(i.switch_pic)
    i.sysTimerTick                           0x000028ec   Section        0  rt_cmsis.o(i.sysTimerTick)
    i.wr_cmd                                 0x00002948   Section        0  glcd_spi_lpc1700.o(i.wr_cmd)
    wr_cmd                                   0x00002949   Thumb Code    58  glcd_spi_lpc1700.o(i.wr_cmd)
    i.wr_dat                                 0x0000298c   Section        0  glcd_spi_lpc1700.o(i.wr_dat)
    wr_dat                                   0x0000298d   Thumb Code    60  glcd_spi_lpc1700.o(i.wr_dat)
    .constdata                               0x000029d0   Section       32  thread.o(.constdata)
    .constdata                               0x000029f0   Section     6272  glcd_spi_lpc1700.o(.constdata)
    .constdata                               0x00004270   Section        2  rtx_conf_cm.o(.constdata)
    .constdata                               0x00004274   Section        4  rtx_conf_cm.o(.constdata)
    .constdata                               0x00004278   Section        4  rtx_conf_cm.o(.constdata)
    .constdata                               0x0000427c   Section        4  rtx_conf_cm.o(.constdata)
    .constdata                               0x00004280   Section        1  rtx_conf_cm.o(.constdata)
    .constdata                               0x00004284   Section       32  rtx_conf_cm.o(.constdata)
    __tagsym$$used                           0x00004284   Number         0  rtx_conf_cm.o(.constdata)
    __tagsym$$used                           0x00004288   Number         0  rtx_conf_cm.o(.constdata)
    __tagsym$$used                           0x0000428c   Number         0  rtx_conf_cm.o(.constdata)
    __tagsym$$used                           0x00004290   Number         0  rtx_conf_cm.o(.constdata)
    .constdata                               0x000042a4   Section        2  rtx_conf_cm.o(.constdata)
    .constdata                               0x000042a8   Section        4  rtx_conf_cm.o(.constdata)
    .constdata                               0x000042ac   Section        4  rtx_conf_cm.o(.constdata)
    .constdata                               0x000042b0   Section        1  rtx_conf_cm.o(.constdata)
    .constdata                               0x000042b4   Section       16  rtx_conf_cm.o(.constdata)
    .constdata                               0x000042c4   Section        8  rtx_conf_cm.o(.constdata)
    .constdata                               0x000042cc   Section        2  rtx_conf_cm.o(.constdata)
    .data                                    0x10000000   Section    29192  thread.o(.data)
    SCOOBYDOO_pixel_data                     0x1000001c   Data        7921  thread.o(.data)
    RSHOW_pixel_data                         0x10001f0d   Data        3481  thread.o(.data)
    MARIO_pixel_data                         0x10002ca6   Data        9121  thread.o(.data)
    LUIGI_pixel_data                         0x10005047   Data        8641  thread.o(.data)
    .data                                    0x2007c000   Section        6  glcd_spi_lpc1700.o(.data)
    Himax                                    0x2007c000   Data           1  glcd_spi_lpc1700.o(.data)
    Color                                    0x2007c002   Data           4  glcd_spi_lpc1700.o(.data)
    .data                                    0x2007c008   Section        4  rtx_conf_cm.o(.data)
    .data                                    0x2007c00c   Section        4  rtx_conf_cm.o(.data)
    .data                                    0x2007c010   Section        4  rtx_conf_cm.o(.data)
    .data                                    0x2007c014   Section        4  system_lpc17xx.o(.data)
    .data                                    0x2007c018   Section        8  rt_cmsis.o(.data)
    .data                                    0x2007c020   Section        8  rt_task.o(.data)
    .data                                    0x2007c028   Section        8  rt_system.o(.data)
    os_lock                                  0x2007c028   Data           1  rt_system.o(.data)
    os_psh_flag                              0x2007c029   Data           1  rt_system.o(.data)
    pend_flags                               0x2007c02a   Data           1  rt_system.o(.data)
    .data                                    0x2007c030   Section        4  rt_time.o(.data)
    .data                                    0x2007c034   Section        1  hal_cm.o(.data)
    .data                                    0x2007c038   Section        8  rt_robin.o(.data)
    .data                                    0x2007c040   Section        4  rand.o(.data)
    _rand_state                              0x2007c040   Data           4  rand.o(.data)
    .bss                                     0x2007c044   Section       32  rtx_conf_cm.o(.bss)
    .bss                                     0x2007c064   Section      376  rtx_conf_cm.o(.bss)
    .bss                                     0x2007c1e0   Section    24592  rtx_conf_cm.o(.bss)
    .bss                                     0x200821f0   Section      432  rtx_conf_cm.o(.bss)
    .bss                                     0x200823a0   Section      132  rtx_conf_cm.o(.bss)
    .bss                                     0x20082424   Section       28  rtx_conf_cm.o(.bss)
    .bss                                     0x20082440   Section       52  rt_task.o(.bss)
    .bss                                     0x20082474   Section       48  rt_list.o(.bss)
    STACK                                    0x200824a8   Section      512  startup_lpc17xx.o(STACK)

    Global Symbols

    Symbol Name                              Value     Ov Type        Size  Object(Section)

    BuildAttributes$$THM_ISAv4$P$D$K$B$S$PE$A:L22UL41UL21$X:L11$S22US41US21$IEEE1$IW$USESV6$~STKCKD$USESV7$~SHL$OTIME$EBA8$MICROLIB$REQ8$PRES8$EABIv2 0x00000000   Number         0  anon$$obj.o ABSOLUTE
    __ARM_use_no_argv                        0x00000000   Number         0  main.o ABSOLUTE
    __Vectors                                0x00000000   Data           4  startup_lpc17xx.o(RESET)
    __cpp_initialize__aeabi_                  - Undefined Weak Reference
    __cxa_finalize                            - Undefined Weak Reference
    _clock_init                               - Undefined Weak Reference
    _microlib_exit                            - Undefined Weak Reference
    __main                                   0x000000cd   Thumb Code     0  entry.o(.ARM.Collect$$$$00000000)
    _main_stk                                0x000000cd   Thumb Code     0  entry2.o(.ARM.Collect$$$$00000001)
    _main_scatterload                        0x000000d1   Thumb Code     0  entry5.o(.ARM.Collect$$$$00000004)
    __main_after_scatterload                 0x000000d5   Thumb Code     0  entry5.o(.ARM.Collect$$$$00000004)
    __rt_final_cpp                           0x000000d5   Thumb Code     0  entry10a.o(.ARM.Collect$$$$0000000D)
    __rt_final_exit                          0x000000d5   Thumb Code     0  entry11a.o(.ARM.Collect$$$$0000000F)
    _main_clock                              0x000000d5   Thumb Code     0  entry7b.o(.ARM.Collect$$$$00000008)
    _main_cpp_init                           0x000000d5   Thumb Code     0  entry8b.o(.ARM.Collect$$$$0000000A)
    _main_init                               0x000000d5   Thumb Code    18  rtx_conf_cm.o(.ARM.Collect$$$$000000FF)
    rt_set_PSP                               0x000000f1   Thumb Code     6  hal_cm3.o(.emb_text)
    rt_get_PSP                               0x000000f7   Thumb Code     6  hal_cm3.o(.emb_text)
    os_set_env                               0x000000fd   Thumb Code    24  hal_cm3.o(.emb_text)
    _alloc_box                               0x00000119   Thumb Code    28  hal_cm3.o(.emb_text)
    _free_box                                0x00000139   Thumb Code    28  hal_cm3.o(.emb_text)
    SVC_Handler                              0x00000159   Thumb Code   108  hal_cm3.o(.emb_text)
    PendSV_Handler                           0x000001d1   Thumb Code    56  hal_cm3.o(.emb_text)
    SysTick_Handler                          0x0000020d   Thumb Code     8  hal_cm3.o(.emb_text)
    OS_Tick_Handler                          0x00000215   Thumb Code    12  hal_cm3.o(.emb_text)
    Reset_Handler                            0x00000221   Thumb Code     8  startup_lpc17xx.o(.text)
    NMI_Handler                              0x00000229   Thumb Code     2  startup_lpc17xx.o(.text)
    HardFault_Handler                        0x0000022b   Thumb Code     2  startup_lpc17xx.o(.text)
    MemManage_Handler                        0x0000022d   Thumb Code     2  startup_lpc17xx.o(.text)
    BusFault_Handler                         0x0000022f   Thumb Code     2  startup_lpc17xx.o(.text)
    UsageFault_Handler                       0x00000231   Thumb Code     2  startup_lpc17xx.o(.text)
    DebugMon_Handler                         0x00000235   Thumb Code     2  startup_lpc17xx.o(.text)
    ADC_IRQHandler                           0x0000023b   Thumb Code     0  startup_lpc17xx.o(.text)
    BOD_IRQHandler                           0x0000023b   Thumb Code     0  startup_lpc17xx.o(.text)
    CANActivity_IRQHandler                   0x0000023b   Thumb Code     0  startup_lpc17xx.o(.text)
    CAN_IRQHandler                           0x0000023b   Thumb Code     0  startup_lpc17xx.o(.text)
    DMA_IRQHandler                           0x0000023b   Thumb Code     0  startup_lpc17xx.o(.text)
    EINT0_IRQHandler                         0x0000023b   Thumb Code     0  startup_lpc17xx.o(.text)
    EINT1_IRQHandler                         0x0000023b   Thumb Code     0  startup_lpc17xx.o(.text)
    EINT2_IRQHandler                         0x0000023b   Thumb Code     0  startup_lpc17xx.o(.text)
    EINT3_IRQHandler                         0x0000023b   Thumb Code     0  startup_lpc17xx.o(.text)
    ENET_IRQHandler                          0x0000023b   Thumb Code     0  startup_lpc17xx.o(.text)
    I2C0_IRQHandler                          0x0000023b   Thumb Code     0  startup_lpc17xx.o(.text)
    I2C1_IRQHandler                          0x0000023b   Thumb Code     0  startup_lpc17xx.o(.text)
    I2C2_IRQHandler                          0x0000023b   Thumb Code     0  startup_lpc17xx.o(.text)
    I2S_IRQHandler                           0x0000023b   Thumb Code     0  startup_lpc17xx.o(.text)
    MCPWM_IRQHandler                         0x0000023b   Thumb Code     0  startup_lpc17xx.o(.text)
    PLL0_IRQHandler                          0x0000023b   Thumb Code     0  startup_lpc17xx.o(.text)
    PLL1_IRQHandler                          0x0000023b   Thumb Code     0  startup_lpc17xx.o(.text)
    PWM1_IRQHandler                          0x0000023b   Thumb Code     0  startup_lpc17xx.o(.text)
    QEI_IRQHandler                           0x0000023b   Thumb Code     0  startup_lpc17xx.o(.text)
    RIT_IRQHandler                           0x0000023b   Thumb Code     0  startup_lpc17xx.o(.text)
    RTC_IRQHandler                           0x0000023b   Thumb Code     0  startup_lpc17xx.o(.text)
    SPI_IRQHandler                           0x0000023b   Thumb Code     0  startup_lpc17xx.o(.text)
    SSP0_IRQHandler                          0x0000023b   Thumb Code     0  startup_lpc17xx.o(.text)
    SSP1_IRQHandler                          0x0000023b   Thumb Code     0  startup_lpc17xx.o(.text)
    TIMER0_IRQHandler                        0x0000023b   Thumb Code     0  startup_lpc17xx.o(.text)
    TIMER1_IRQHandler                        0x0000023b   Thumb Code     0  startup_lpc17xx.o(.text)
    TIMER2_IRQHandler                        0x0000023b   Thumb Code     0  startup_lpc17xx.o(.text)
    TIMER3_IRQHandler                        0x0000023b   Thumb Code     0  startup_lpc17xx.o(.text)
    UART0_IRQHandler                         0x0000023b   Thumb Code     0  startup_lpc17xx.o(.text)
    UART1_IRQHandler                         0x0000023b   Thumb Code     0  startup_lpc17xx.o(.text)
    UART2_IRQHandler                         0x0000023b   Thumb Code     0  startup_lpc17xx.o(.text)
    UART3_IRQHandler                         0x0000023b   Thumb Code     0  startup_lpc17xx.o(.text)
    USBActivity_IRQHandler                   0x0000023b   Thumb Code     0  startup_lpc17xx.o(.text)
    USB_IRQHandler                           0x0000023b   Thumb Code     0  startup_lpc17xx.o(.text)
    WDT_IRQHandler                           0x0000023b   Thumb Code     0  startup_lpc17xx.o(.text)
    __aeabi_uldivmod                         0x00000245   Thumb Code    98  uldiv.o(.text)
    rand                                     0x000002a9   Thumb Code    20  rand.o(.text)
    srand                                    0x000002bd   Thumb Code     6  rand.o(.text)
    __aeabi_llsl                             0x000002cd   Thumb Code    30  llshl.o(.text)
    _ll_shift_l                              0x000002cd   Thumb Code     0  llshl.o(.text)
    SVC_Count                                0x000002ec   Data           4  svc_table.o(SVC_TABLE)
    GLCD_SetBackColor                        0x000002f1   Thumb Code     6  glcd_spi_lpc1700.o(i.GLCD_SetBackColor)
    SVC_Table                                0x000002f0   Data           0  svc_table.o(SVC_TABLE)
    __aeabi_llsr                             0x00000301   Thumb Code    32  llushr.o(.text)
    _ll_ushift_r                             0x00000301   Thumb Code     0  llushr.o(.text)
    __scatterload                            0x00000321   Thumb Code    28  init.o(.text)
    __scatterload_rt2                        0x00000321   Thumb Code     0  init.o(.text)
    __decompress                             0x00000345   Thumb Code     0  __dclz77c.o(.text)
    __decompress2                            0x00000345   Thumb Code    94  __dclz77c.o(.text)
    GLCD_Bitmap                              0x000003a5   Thumb Code   124  glcd_spi_lpc1700.o(i.GLCD_Bitmap)
    GLCD_Clear                               0x00000429   Thumb Code    94  glcd_spi_lpc1700.o(i.GLCD_Clear)
    __RL_RTX_VER                             0x00000482   Number         0  rt_system.o ABSOLUTE
    GLCD_DisplayString                       0x00000491   Thumb Code   110  glcd_spi_lpc1700.o(i.GLCD_DisplayString)
    GLCD_DrawChar                            0x00000505   Thumb Code   238  glcd_spi_lpc1700.o(i.GLCD_DrawChar)
    GLCD_Init                                0x00000601   Thumb Code  2264  glcd_spi_lpc1700.o(i.GLCD_Init)
    GLCD_SetTextColor                        0x00000ed9   Thumb Code     6  glcd_spi_lpc1700.o(i.GLCD_SetTextColor)
    GLCD_SetWindow                           0x00000ee5   Thumb Code   242  glcd_spi_lpc1700.o(i.GLCD_SetWindow)
    Init_Thread                              0x00000fdd   Thumb Code    38  thread.o(i.Init_Thread)
    KBD_Init                                 0x00001011   Thumb Code    38  kbd.o(i.KBD_Init)
    SystemCoreClockUpdate                    0x00001045   Thumb Code   258  system_lpc17xx.o(i.SystemCoreClockUpdate)
    SystemInit                               0x00001161   Thumb Code   212  system_lpc17xx.o(i.SystemInit)
    __scatterload_copy                       0x00001241   Thumb Code    14  handlers.o(i.__scatterload_copy)
    __scatterload_null                       0x0000124f   Thumb Code     2  handlers.o(i.__scatterload_null)
    __scatterload_zeroinit                   0x00001251   Thumb Code    14  handlers.o(i.__scatterload_zeroinit)
    _init_box                                0x0000125f   Thumb Code    70  rt_membox.o(i._init_box)
    change_screen                            0x000012a5   Thumb Code   216  thread.o(i.change_screen)
    dbg_init                                 0x00001395   Thumb Code    34  hal_cm.o(i.dbg_init)
    dbg_task_notify                          0x000013c5   Thumb Code    32  hal_cm.o(i.dbg_task_notify)
    dbg_task_switch                          0x000013e5   Thumb Code    16  hal_cm.o(i.dbg_task_switch)
    gen_level                                0x000013f5   Thumb Code    56  thread.o(i.gen_level)
    get_button                               0x00001435   Thumb Code    16  kbd.o(i.get_button)
    highlight_option                         0x00001449   Thumb Code   224  thread.o(i.highlight_option)
    hit_the_target_game                      0x0000157d   Thumb Code   272  thread.o(i.hit_the_target_game)
    isrMessageGet                            0x000016a5   Thumb Code    42  rt_cmsis.o(i.isrMessageGet)
    isrMessagePut                            0x000016cf   Thumb Code    44  rt_cmsis.o(i.isrMessagePut)
    isr_mbx_receive                          0x000016fd   Thumb Code    86  rt_mailbox.o(i.isr_mbx_receive)
    isr_mbx_send                             0x00001753   Thumb Code    14  rt_mailbox.o(i.isr_mbx_send)
    joystick_listen                          0x00001761   Thumb Code    12  thread.o(i.joystick_listen)
    main                                     0x00001771   Thumb Code    30  main.o(i.main)
    main_thread                              0x00001791   Thumb Code    42  thread.o(i.main_thread)
    move_player                              0x000017c1   Thumb Code    52  thread.o(i.move_player)
    osDelay                                  0x000017fd   Thumb Code    18  rt_cmsis.o(i.osDelay)
    osKernelInitialize                       0x00001815   Thumb Code    30  rt_cmsis.o(i.osKernelInitialize)
    osKernelStart                            0x00001839   Thumb Code    98  rt_cmsis.o(i.osKernelStart)
    osMessageGet                             0x000018a5   Thumb Code    18  rt_cmsis.o(i.osMessageGet)
    osThreadCreate                           0x000018bd   Thumb Code    36  rt_cmsis.o(i.osThreadCreate)
    osThreadExit                             0x000018e9   Thumb Code    14  rt_cmsis.o(i.osThreadExit)
    osTimerCall                              0x00001901   Thumb Code     8  rt_cmsis.o(i.osTimerCall)
    osTimerThread                            0x0000190d   Thumb Code    38  rt_cmsis.o(i.osTimerThread)
    os_error                                 0x00001939   Thumb Code     2  rtx_conf_cm.o(i.os_error)
    os_idle_demon                            0x0000193b   Thumb Code     2  rtx_conf_cm.o(i.os_idle_demon)
    os_tick_init                             0x0000193d   Thumb Code    32  rt_system.o(i.os_tick_init)
    os_tick_irqack                           0x00001965   Thumb Code     2  rt_system.o(i.os_tick_irqack)
    rt_alloc_box                             0x00001967   Thumb Code    26  rt_membox.o(i.rt_alloc_box)
    rt_alloc_mem                             0x00001981   Thumb Code    62  rt_memory.o(i.rt_alloc_mem)
    rt_block                                 0x000019c1   Thumb Code    48  rt_task.o(i.rt_block)
    rt_chk_robin                             0x000019f9   Thumb Code    60  rt_robin.o(i.rt_chk_robin)
    rt_dec_dly                               0x00001a41   Thumb Code   102  rt_list.o(i.rt_dec_dly)
    rt_dispatch                              0x00001ab1   Thumb Code    60  rt_task.o(i.rt_dispatch)
    rt_dly_wait                              0x00001af5   Thumb Code     6  rt_time.o(i.rt_dly_wait)
    rt_evt_psh                               0x00001afd   Thumb Code    76  rt_event.o(i.rt_evt_psh)
    rt_free_box                              0x00001b4d   Thumb Code    44  rt_membox.o(i.rt_free_box)
    rt_free_mem                              0x00001b79   Thumb Code    40  rt_memory.o(i.rt_free_mem)
    rt_get_first                             0x00001ba1   Thumb Code    40  rt_list.o(i.rt_get_first)
    rt_init_mem                              0x00001c19   Thumb Code    26  rt_memory.o(i.rt_init_mem)
    rt_init_robin                            0x00001c35   Thumb Code    14  rt_robin.o(i.rt_init_robin)
    rt_init_stack                            0x00001c4d   Thumb Code   118  hal_cm.o(i.rt_init_stack)
    rt_mbx_check                             0x00001ccd   Thumb Code     8  rt_mailbox.o(i.rt_mbx_check)
    rt_mbx_init                              0x00001cd5   Thumb Code    26  rt_mailbox.o(i.rt_mbx_init)
    rt_mbx_psh                               0x00001cf1   Thumb Code   236  rt_mailbox.o(i.rt_mbx_psh)
    rt_mbx_wait                              0x00001de1   Thumb Code   174  rt_mailbox.o(i.rt_mbx_wait)
    rt_pop_req                               0x00001ed9   Thumb Code   112  rt_system.o(i.rt_pop_req)
    rt_psh_req                               0x00001f55   Thumb Code    22  rt_system.o(i.rt_psh_req)
    rt_psq_enq                               0x00001f75   Thumb Code    88  rt_list.o(i.rt_psq_enq)
    rt_put_dly                               0x00001fd1   Thumb Code    68  rt_list.o(i.rt_put_dly)
    rt_put_prio                              0x00002019   Thumb Code    54  rt_list.o(i.rt_put_prio)
    rt_put_rdy_first                         0x00002051   Thumb Code    14  rt_list.o(i.rt_put_rdy_first)
    rt_resort_prio                           0x00002065   Thumb Code    46  rt_list.o(i.rt_resort_prio)
    rt_ret_val                               0x00002099   Thumb Code     6  hal_cm.o(i.rt_ret_val)
    rt_ret_val2                              0x0000209f   Thumb Code     8  hal_cm.o(i.rt_ret_val2)
    rt_rmv_dly                               0x000020a7   Thumb Code    40  rt_list.o(i.rt_rmv_dly)
    rt_rmv_list                              0x000020d1   Thumb Code    44  rt_list.o(i.rt_rmv_list)
    rt_sem_psh                               0x00002101   Thumb Code    48  rt_semaphore.o(i.rt_sem_psh)
    rt_stk_check                             0x00002135   Thumb Code    28  rt_system.o(i.rt_stk_check)
    rt_switch_req                            0x00002159   Thumb Code    30  rt_task.o(i.rt_switch_req)
    rt_sys_init                              0x00002181   Thumb Code   138  rt_task.o(i.rt_sys_init)
    rt_sys_start                             0x0000224d   Thumb Code   110  rt_task.o(i.rt_sys_start)
    rt_systick                               0x000022c5   Thumb Code    50  rt_system.o(i.rt_systick)
    rt_tsk_create                            0x0000234d   Thumb Code   118  rt_task.o(i.rt_tsk_create)
    rt_tsk_delete                            0x000023d5   Thumb Code   352  rt_task.o(i.rt_tsk_delete)
    rt_tsk_prio                              0x00002551   Thumb Code   108  rt_task.o(i.rt_tsk_prio)
    rt_tsk_self                              0x000025cd   Thumb Code    12  rt_task.o(i.rt_tsk_self)
    svcDelay                                 0x00002655   Thumb Code    18  rt_cmsis.o(i.svcDelay)
    svcKernelInitialize                      0x00002669   Thumb Code    80  rt_cmsis.o(i.svcKernelInitialize)
    svcKernelStart                           0x000026d9   Thumb Code    62  rt_cmsis.o(i.svcKernelStart)
    svcMessageCreate                         0x00002721   Thumb Code    36  rt_cmsis.o(i.svcMessageCreate)
    svcMessageGet                            0x00002745   Thumb Code    58  rt_cmsis.o(i.svcMessageGet)
    svcThreadCreate                          0x00002781   Thumb Code    96  rt_cmsis.o(i.svcThreadCreate)
    svcThreadGetId                           0x000027ed   Thumb Code    22  rt_cmsis.o(i.svcThreadGetId)
    svcThreadTerminate                       0x00002809   Thumb Code    50  rt_cmsis.o(i.svcThreadTerminate)
    svcTimerCall                             0x00002841   Thumb Code    24  rt_cmsis.o(i.svcTimerCall)
    switch_pic                               0x00002859   Thumb Code   130  thread.o(i.switch_pic)
    sysTimerTick                             0x000028ed   Thumb Code    84  rt_cmsis.o(i.sysTimerTick)
    os_thread_def_joystick_listen            0x000029d0   Data          16  thread.o(.constdata)
    os_thread_def_main_thread                0x000029e0   Data          16  thread.o(.constdata)
    Font_6x8_h                               0x000029f0   Data         896  glcd_spi_lpc1700.o(.constdata)
    Font_16x24_h                             0x00002d70   Data        5376  glcd_spi_lpc1700.o(.constdata)
    os_maxtaskrun                            0x00004270   Data           2  rtx_conf_cm.o(.constdata)
    os_stackinfo                             0x00004274   Data           4  rtx_conf_cm.o(.constdata)
    os_rrobin                                0x00004278   Data           4  rtx_conf_cm.o(.constdata)
    os_trv                                   0x0000427c   Data           4  rtx_conf_cm.o(.constdata)
    os_flags                                 0x00004280   Data           1  rtx_conf_cm.o(.constdata)
    CMSIS_RTOS_API_Version                   0x00004284   Data           4  rtx_conf_cm.o(.constdata)
    CMSIS_RTOS_RTX_Version                   0x00004288   Data           4  rtx_conf_cm.o(.constdata)
    os_clockrate                             0x0000428c   Data           4  rtx_conf_cm.o(.constdata)
    os_timernum                              0x00004290   Data           4  rtx_conf_cm.o(.constdata)
    os_thread_def_main                       0x00004294   Data          16  rtx_conf_cm.o(.constdata)
    mp_tcb_size                              0x000042a4   Data           2  rtx_conf_cm.o(.constdata)
    mp_stk_size                              0x000042a8   Data           4  rtx_conf_cm.o(.constdata)
    os_stack_sz                              0x000042ac   Data           4  rtx_conf_cm.o(.constdata)
    os_fifo_size                             0x000042b0   Data           1  rtx_conf_cm.o(.constdata)
    os_thread_def_osTimerThread              0x000042b4   Data          16  rtx_conf_cm.o(.constdata)
    os_messageQ_def_osTimerMessageQ          0x000042c4   Data           8  rtx_conf_cm.o(.constdata)
    mp_tmr_size                              0x000042cc   Data           2  rtx_conf_cm.o(.constdata)
    Region$$Table$$Base                      0x000042d0   Number         0  anon$$obj.o(Region$$Table)
    Region$$Table$$Limit                     0x00004300   Number         0  anon$$obj.o(Region$$Table)
    screen_sel                               0x10000000   Data           4  thread.o(.data)
    startup                                  0x10000004   Data           4  thread.o(.data)
    new_dir                                  0x10000008   Data           4  thread.o(.data)
    current_dir                              0x1000000c   Data           4  thread.o(.data)
    points                                   0x10000010   Data           4  thread.o(.data)
    tid_joystick_listen                      0x10000014   Data           4  thread.o(.data)
    tid_main                                 0x10000018   Data           4  thread.o(.data)
    m_tmr                                    0x2007c008   Data           4  rtx_conf_cm.o(.data)
    osThreadId_osTimerThread                 0x2007c00c   Data           4  rtx_conf_cm.o(.data)
    osMessageQId_osTimerMessageQ             0x2007c010   Data           4  rtx_conf_cm.o(.data)
    SystemCoreClock                          0x2007c014   Data           4  system_lpc17xx.o(.data)
    os_initialized                           0x2007c018   Data           1  rt_cmsis.o(.data)
    os_running                               0x2007c019   Data           1  rt_cmsis.o(.data)
    os_timer_head                            0x2007c01c   Data           4  rt_cmsis.o(.data)
    os_tsk                                   0x2007c020   Data           8  rt_task.o(.data)
    os_tick_irqn                             0x2007c02c   Data           4  rt_system.o(.data)
    os_time                                  0x2007c030   Data           4  rt_time.o(.data)
    dbg_msg                                  0x2007c034   Data           1  hal_cm.o(.data)
    os_robin                                 0x2007c038   Data           8  rt_robin.o(.data)
    os_messageQ_q_osTimerMessageQ            0x2007c044   Data          32  rtx_conf_cm.o(.bss)
    mp_tcb                                   0x2007c064   Data         376  rtx_conf_cm.o(.bss)
    mp_stk                                   0x2007c1e0   Data       24592  rtx_conf_cm.o(.bss)
    os_stack_mem                             0x200821f0   Data         432  rtx_conf_cm.o(.bss)
    os_fifo                                  0x200823a0   Data         132  rtx_conf_cm.o(.bss)
    os_active_TCB                            0x20082424   Data          28  rtx_conf_cm.o(.bss)
    os_idle_TCB                              0x20082440   Data          52  rt_task.o(.bss)
    os_rdy                                   0x20082474   Data          24  rt_list.o(.bss)
    os_dly                                   0x2008248c   Data          24  rt_list.o(.bss)
    __initial_sp                             0x200826a8   Data           0  startup_lpc17xx.o(STACK)



==============================================================================

Memory Map of the image

  Image Entry point : 0x000000cd

  Load Region LR_IROM1 (Base: 0x00000000, Size: 0x0000b54c, Max: 0x00080000, ABSOLUTE, COMPRESSED[0x000076e8])

    Execution Region ER_IROM1 (Exec base: 0x00000000, Load base: 0x00000000, Size: 0x00004300, Max: 0x00080000, ABSOLUTE)

    Exec Addr    Load Addr    Size         Type   Attr      Idx    E Section Name        Object

    0x00000000   0x00000000   0x000000cc   Data   RO          529    RESET               startup_lpc17xx.o
    0x000000cc   0x000000cc   0x00000000   Code   RO         1784  * .ARM.Collect$$$$00000000  mc_w.l(entry.o)
    0x000000cc   0x000000cc   0x00000004   Code   RO         1794    .ARM.Collect$$$$00000001  mc_w.l(entry2.o)
    0x000000d0   0x000000d0   0x00000004   Code   RO         1797    .ARM.Collect$$$$00000004  mc_w.l(entry5.o)
    0x000000d4   0x000000d4   0x00000000   Code   RO         1799    .ARM.Collect$$$$00000008  mc_w.l(entry7b.o)
    0x000000d4   0x000000d4   0x00000000   Code   RO         1801    .ARM.Collect$$$$0000000A  mc_w.l(entry8b.o)
    0x000000d4   0x000000d4   0x00000000   Code   RO         1802    .ARM.Collect$$$$0000000D  mc_w.l(entry10a.o)
    0x000000d4   0x000000d4   0x00000000   Code   RO         1804    .ARM.Collect$$$$0000000F  mc_w.l(entry11a.o)
    0x000000d4   0x000000d4   0x00000018   Code   RO          370    .ARM.Collect$$$$000000FF  rtx_conf_cm.o
    0x000000ec   0x000000ec   0x00000004   Code   RO         1795    .ARM.Collect$$$$00002712  mc_w.l(entry2.o)
    0x000000f0   0x000000f0   0x00000130   Code   RO         1771    .emb_text           RTX_CM3.lib(hal_cm3.o)
    0x00000220   0x00000220   0x00000024   Code   RO          531    .text               startup_lpc17xx.o
    0x00000244   0x00000244   0x00000062   Code   RO         1787    .text               mc_w.l(uldiv.o)
    0x000002a6   0x000002a6   0x00000002   PAD
    0x000002a8   0x000002a8   0x00000024   Code   RO         1789    .text               mc_w.l(rand.o)
    0x000002cc   0x000002cc   0x0000001e   Code   RO         1806    .text               mc_w.l(llshl.o)
    0x000002ea   0x000002ea   0x00000002   PAD
    0x000002ec   0x000002ec   0x00000004   Code   RO         1781    SVC_TABLE           RTX_CM3.lib(svc_table.o)
    0x000002f0   0x000002f0   0x0000000c   Code   RO          197    i.GLCD_SetBackColor  glcd_spi_lpc1700.o
    0x000002fc   0x000002fc   0x00000004   Code   RO          530    .ARM.__at_0x02FC    startup_lpc17xx.o
    0x00000300   0x00000300   0x00000020   Code   RO         1808    .text               mc_w.l(llushr.o)
    0x00000320   0x00000320   0x00000024   Code   RO         1810    .text               mc_w.l(init.o)
    0x00000344   0x00000344   0x0000005e   Code   RO         1820    .text               mc_w.l(__dclz77c.o)
    0x000003a2   0x000003a2   0x00000002   PAD
    0x000003a4   0x000003a4   0x00000084   Code   RO          188    i.GLCD_Bitmap       glcd_spi_lpc1700.o
    0x00000428   0x00000428   0x00000068   Code   RO          189    i.GLCD_Clear        glcd_spi_lpc1700.o
    0x00000490   0x00000490   0x00000074   Code   RO          192    i.GLCD_DisplayString  glcd_spi_lpc1700.o
    0x00000504   0x00000504   0x000000fc   Code   RO          193    i.GLCD_DrawChar     glcd_spi_lpc1700.o
    0x00000600   0x00000600   0x000008d8   Code   RO          194    i.GLCD_Init         glcd_spi_lpc1700.o
    0x00000ed8   0x00000ed8   0x0000000c   Code   RO          198    i.GLCD_SetTextColor  glcd_spi_lpc1700.o
    0x00000ee4   0x00000ee4   0x000000f8   Code   RO          199    i.GLCD_SetWindow    glcd_spi_lpc1700.o
    0x00000fdc   0x00000fdc   0x00000034   Code   RO           64    i.Init_Thread       thread.o
    0x00001010   0x00001010   0x00000034   Code   RO          334    i.KBD_Init          kbd.o
    0x00001044   0x00001044   0x0000011c   Code   RO          540    i.SystemCoreClockUpdate  system_lpc17xx.o
    0x00001160   0x00001160   0x000000e0   Code   RO          541    i.SystemInit        system_lpc17xx.o
    0x00001240   0x00001240   0x0000000e   Code   RO         1814    i.__scatterload_copy  mc_w.l(handlers.o)
    0x0000124e   0x0000124e   0x00000002   Code   RO         1815    i.__scatterload_null  mc_w.l(handlers.o)
    0x00001250   0x00001250   0x0000000e   Code   RO         1816    i.__scatterload_zeroinit  mc_w.l(handlers.o)
    0x0000125e   0x0000125e   0x00000046   Code   RO         1649    i._init_box         RTX_CM3.lib(rt_membox.o)
    0x000012a4   0x000012a4   0x000000f0   Code   RO           65    i.change_screen     thread.o
    0x00001394   0x00001394   0x00000030   Code   RO         1702    i.dbg_init          RTX_CM3.lib(hal_cm.o)
    0x000013c4   0x000013c4   0x00000020   Code   RO         1703    i.dbg_task_notify   RTX_CM3.lib(hal_cm.o)
    0x000013e4   0x000013e4   0x00000010   Code   RO         1704    i.dbg_task_switch   RTX_CM3.lib(hal_cm.o)
    0x000013f4   0x000013f4   0x00000040   Code   RO           68    i.gen_level         thread.o
    0x00001434   0x00001434   0x00000014   Code   RO          336    i.get_button        kbd.o
    0x00001448   0x00001448   0x00000134   Code   RO           69    i.highlight_option  thread.o
    0x0000157c   0x0000157c   0x00000128   Code   RO           70    i.hit_the_target_game  thread.o
    0x000016a4   0x000016a4   0x0000002a   Code   RO          576    i.isrMessageGet     RTX_CM3.lib(rt_cmsis.o)
    0x000016ce   0x000016ce   0x0000002c   Code   RO          577    i.isrMessagePut     RTX_CM3.lib(rt_cmsis.o)
    0x000016fa   0x000016fa   0x00000002   PAD
    0x000016fc   0x000016fc   0x00000056   Code   RO         1495    i.isr_mbx_receive   RTX_CM3.lib(rt_mailbox.o)
    0x00001752   0x00001752   0x0000000e   Code   RO         1496    i.isr_mbx_send      RTX_CM3.lib(rt_mailbox.o)
    0x00001760   0x00001760   0x00000010   Code   RO           71    i.joystick_listen   thread.o
    0x00001770   0x00001770   0x0000001e   Code   RO            4    i.main              main.o
    0x0000178e   0x0000178e   0x00000002   PAD
    0x00001790   0x00001790   0x00000030   Code   RO           73    i.main_thread       thread.o
    0x000017c0   0x000017c0   0x0000003c   Code   RO           74    i.move_player       thread.o
    0x000017fc   0x000017fc   0x00000018   Code   RO          580    i.osDelay           RTX_CM3.lib(rt_cmsis.o)
    0x00001814   0x00001814   0x00000024   Code   RO          581    i.osKernelInitialize  RTX_CM3.lib(rt_cmsis.o)
    0x00001838   0x00001838   0x0000006c   Code   RO          583    i.osKernelStart     RTX_CM3.lib(rt_cmsis.o)
    0x000018a4   0x000018a4   0x00000018   Code   RO          592    i.osMessageGet      RTX_CM3.lib(rt_cmsis.o)
    0x000018bc   0x000018bc   0x0000002c   Code   RO          609    i.osThreadCreate    RTX_CM3.lib(rt_cmsis.o)
    0x000018e8   0x000018e8   0x00000018   Code   RO          610    i.osThreadExit      RTX_CM3.lib(rt_cmsis.o)
    0x00001900   0x00001900   0x0000000c   Code   RO          616    i.osTimerCall       RTX_CM3.lib(rt_cmsis.o)
    0x0000190c   0x0000190c   0x0000002c   Code   RO          621    i.osTimerThread     RTX_CM3.lib(rt_cmsis.o)
    0x00001938   0x00001938   0x00000002   Code   RO          371    i.os_error          rtx_conf_cm.o
    0x0000193a   0x0000193a   0x00000002   Code   RO          372    i.os_idle_demon     rtx_conf_cm.o
    0x0000193c   0x0000193c   0x00000028   Code   RO         1283    i.os_tick_init      RTX_CM3.lib(rt_system.o)
    0x00001964   0x00001964   0x00000002   Code   RO         1284    i.os_tick_irqack    RTX_CM3.lib(rt_system.o)
    0x00001966   0x00001966   0x0000001a   Code   RO         1650    i.rt_alloc_box      RTX_CM3.lib(rt_membox.o)
    0x00001980   0x00001980   0x0000003e   Code   RO         1678    i.rt_alloc_mem      RTX_CM3.lib(rt_memory.o)
    0x000019be   0x000019be   0x00000002   PAD
    0x000019c0   0x000019c0   0x00000038   Code   RO         1198    i.rt_block          RTX_CM3.lib(rt_task.o)
    0x000019f8   0x000019f8   0x00000048   Code   RO         1750    i.rt_chk_robin      RTX_CM3.lib(rt_robin.o)
    0x00001a40   0x00001a40   0x00000070   Code   RO         1419    i.rt_dec_dly        RTX_CM3.lib(rt_list.o)
    0x00001ab0   0x00001ab0   0x00000044   Code   RO         1199    i.rt_dispatch       RTX_CM3.lib(rt_task.o)
    0x00001af4   0x00001af4   0x00000006   Code   RO         1585    i.rt_dly_wait       RTX_CM3.lib(rt_time.o)
    0x00001afa   0x00001afa   0x00000002   PAD
    0x00001afc   0x00001afc   0x00000050   Code   RO         1376    i.rt_evt_psh        RTX_CM3.lib(rt_event.o)
    0x00001b4c   0x00001b4c   0x0000002c   Code   RO         1651    i.rt_free_box       RTX_CM3.lib(rt_membox.o)
    0x00001b78   0x00001b78   0x00000028   Code   RO         1679    i.rt_free_mem       RTX_CM3.lib(rt_memory.o)
    0x00001ba0   0x00001ba0   0x00000028   Code   RO         1420    i.rt_get_first      RTX_CM3.lib(rt_list.o)
    0x00001bc8   0x00001bc8   0x00000008   Code   RO          626    i.rt_id2obj         RTX_CM3.lib(rt_cmsis.o)
    0x00001bd0   0x00001bd0   0x00000048   Code   RO         1200    i.rt_init_context   RTX_CM3.lib(rt_task.o)
    0x00001c18   0x00001c18   0x0000001a   Code   RO         1680    i.rt_init_mem       RTX_CM3.lib(rt_memory.o)
    0x00001c32   0x00001c32   0x00000002   PAD
    0x00001c34   0x00001c34   0x00000018   Code   RO         1751    i.rt_init_robin     RTX_CM3.lib(rt_robin.o)
    0x00001c4c   0x00001c4c   0x00000080   Code   RO         1705    i.rt_init_stack     RTX_CM3.lib(hal_cm.o)
    0x00001ccc   0x00001ccc   0x00000008   Code   RO         1497    i.rt_mbx_check      RTX_CM3.lib(rt_mailbox.o)
    0x00001cd4   0x00001cd4   0x0000001a   Code   RO         1498    i.rt_mbx_init       RTX_CM3.lib(rt_mailbox.o)
    0x00001cee   0x00001cee   0x00000002   PAD
    0x00001cf0   0x00001cf0   0x000000f0   Code   RO         1499    i.rt_mbx_psh        RTX_CM3.lib(rt_mailbox.o)
    0x00001de0   0x00001de0   0x000000b4   Code   RO         1501    i.rt_mbx_wait       RTX_CM3.lib(rt_mailbox.o)
    0x00001e94   0x00001e94   0x00000044   Code   RO          627    i.rt_ms2tick        RTX_CM3.lib(rt_cmsis.o)
    0x00001ed8   0x00001ed8   0x0000007c   Code   RO         1287    i.rt_pop_req        RTX_CM3.lib(rt_system.o)
    0x00001f54   0x00001f54   0x00000020   Code   RO         1288    i.rt_psh_req        RTX_CM3.lib(rt_system.o)
    0x00001f74   0x00001f74   0x0000005c   Code   RO         1422    i.rt_psq_enq        RTX_CM3.lib(rt_list.o)
    0x00001fd0   0x00001fd0   0x00000048   Code   RO         1423    i.rt_put_dly        RTX_CM3.lib(rt_list.o)
    0x00002018   0x00002018   0x00000036   Code   RO         1424    i.rt_put_prio       RTX_CM3.lib(rt_list.o)
    0x0000204e   0x0000204e   0x00000002   PAD
    0x00002050   0x00002050   0x00000014   Code   RO         1425    i.rt_put_rdy_first  RTX_CM3.lib(rt_list.o)
    0x00002064   0x00002064   0x00000034   Code   RO         1426    i.rt_resort_prio    RTX_CM3.lib(rt_list.o)
    0x00002098   0x00002098   0x00000006   Code   RO         1706    i.rt_ret_val        RTX_CM3.lib(hal_cm.o)
    0x0000209e   0x0000209e   0x00000008   Code   RO         1707    i.rt_ret_val2       RTX_CM3.lib(hal_cm.o)
    0x000020a6   0x000020a6   0x00000028   Code   RO         1427    i.rt_rmv_dly        RTX_CM3.lib(rt_list.o)
    0x000020ce   0x000020ce   0x00000002   PAD
    0x000020d0   0x000020d0   0x00000030   Code   RO         1428    i.rt_rmv_list       RTX_CM3.lib(rt_list.o)
    0x00002100   0x00002100   0x00000034   Code   RO         1546    i.rt_sem_psh        RTX_CM3.lib(rt_semaphore.o)
    0x00002134   0x00002134   0x00000024   Code   RO         1290    i.rt_stk_check      RTX_CM3.lib(rt_system.o)
    0x00002158   0x00002158   0x00000028   Code   RO         1201    i.rt_switch_req     RTX_CM3.lib(rt_task.o)
    0x00002180   0x00002180   0x000000cc   Code   RO         1202    i.rt_sys_init       RTX_CM3.lib(rt_task.o)
    0x0000224c   0x0000224c   0x00000078   Code   RO         1203    i.rt_sys_start      RTX_CM3.lib(rt_task.o)
    0x000022c4   0x000022c4   0x00000040   Code   RO         1292    i.rt_systick        RTX_CM3.lib(rt_system.o)
    0x00002304   0x00002304   0x00000012   Code   RO          628    i.rt_tid2ptcb       RTX_CM3.lib(rt_cmsis.o)
    0x00002316   0x00002316   0x00000002   PAD
    0x00002318   0x00002318   0x00000034   Code   RO          629    i.rt_timer_insert   RTX_CM3.lib(rt_cmsis.o)
    0x0000234c   0x0000234c   0x00000088   Code   RO         1204    i.rt_tsk_create     RTX_CM3.lib(rt_task.o)
    0x000023d4   0x000023d4   0x0000017c   Code   RO         1205    i.rt_tsk_delete     RTX_CM3.lib(rt_task.o)
    0x00002550   0x00002550   0x0000007c   Code   RO         1207    i.rt_tsk_prio       RTX_CM3.lib(rt_task.o)
    0x000025cc   0x000025cc   0x00000010   Code   RO         1208    i.rt_tsk_self       RTX_CM3.lib(rt_task.o)
    0x000025dc   0x000025dc   0x00000078   Code   RO          203    i.spi_tran_man      glcd_spi_lpc1700.o
    0x00002654   0x00002654   0x00000012   Code   RO          631    i.svcDelay          RTX_CM3.lib(rt_cmsis.o)
    0x00002666   0x00002666   0x00000002   PAD
    0x00002668   0x00002668   0x00000070   Code   RO          632    i.svcKernelInitialize  RTX_CM3.lib(rt_cmsis.o)
    0x000026d8   0x000026d8   0x00000048   Code   RO          634    i.svcKernelStart    RTX_CM3.lib(rt_cmsis.o)
    0x00002720   0x00002720   0x00000024   Code   RO          637    i.svcMessageCreate  RTX_CM3.lib(rt_cmsis.o)
    0x00002744   0x00002744   0x0000003a   Code   RO          638    i.svcMessageGet     RTX_CM3.lib(rt_cmsis.o)
    0x0000277e   0x0000277e   0x00000002   PAD
    0x00002780   0x00002780   0x0000006c   Code   RO          652    i.svcThreadCreate   RTX_CM3.lib(rt_cmsis.o)
    0x000027ec   0x000027ec   0x0000001c   Code   RO          653    i.svcThreadGetId    RTX_CM3.lib(rt_cmsis.o)
    0x00002808   0x00002808   0x00000038   Code   RO          656    i.svcThreadTerminate  RTX_CM3.lib(rt_cmsis.o)
    0x00002840   0x00002840   0x00000018   Code   RO          658    i.svcTimerCall      RTX_CM3.lib(rt_cmsis.o)
    0x00002858   0x00002858   0x00000094   Code   RO           76    i.switch_pic        thread.o
    0x000028ec   0x000028ec   0x0000005c   Code   RO          667    i.sysTimerTick      RTX_CM3.lib(rt_cmsis.o)
    0x00002948   0x00002948   0x00000044   Code   RO          204    i.wr_cmd            glcd_spi_lpc1700.o
    0x0000298c   0x0000298c   0x00000044   Code   RO          205    i.wr_dat            glcd_spi_lpc1700.o
    0x000029d0   0x000029d0   0x00000020   Data   RO           78    .constdata          thread.o
    0x000029f0   0x000029f0   0x00001880   Data   RO          206    .constdata          glcd_spi_lpc1700.o
    0x00004270   0x00004270   0x00000002   Data   RO          379    .constdata          rtx_conf_cm.o
    0x00004272   0x00004272   0x00000002   PAD
    0x00004274   0x00004274   0x00000004   Data   RO          380    .constdata          rtx_conf_cm.o
    0x00004278   0x00004278   0x00000004   Data   RO          381    .constdata          rtx_conf_cm.o
    0x0000427c   0x0000427c   0x00000004   Data   RO          385    .constdata          rtx_conf_cm.o
    0x00004280   0x00004280   0x00000001   Data   RO          386    .constdata          rtx_conf_cm.o
    0x00004281   0x00004281   0x00000003   PAD
    0x00004284   0x00004284   0x00000020   Data   RO          387    .constdata          rtx_conf_cm.o
    0x000042a4   0x000042a4   0x00000002   Data   RO          388    .constdata          rtx_conf_cm.o
    0x000042a6   0x000042a6   0x00000002   PAD
    0x000042a8   0x000042a8   0x00000004   Data   RO          389    .constdata          rtx_conf_cm.o
    0x000042ac   0x000042ac   0x00000004   Data   RO          390    .constdata          rtx_conf_cm.o
    0x000042b0   0x000042b0   0x00000001   Data   RO          391    .constdata          rtx_conf_cm.o
    0x000042b1   0x000042b1   0x00000003   PAD
    0x000042b4   0x000042b4   0x00000010   Data   RO          392    .constdata          rtx_conf_cm.o
    0x000042c4   0x000042c4   0x00000008   Data   RO          393    .constdata          rtx_conf_cm.o
    0x000042cc   0x000042cc   0x00000002   Data   RO          394    .constdata          rtx_conf_cm.o
    0x000042ce   0x000042ce   0x00000002   PAD
    0x000042d0   0x000042d0   0x00000030   Data   RO         1812    Region$$Table       anon$$obj.o


    Execution Region RW_IRAM1 (Exec base: 0x10000000, Load base: 0x00004300, Size: 0x00007208, Max: 0x00008000, ABSOLUTE, COMPRESSED[0x000033a4])

    Exec Addr    Load Addr    Size         Type   Attr      Idx    E Section Name        Object

    0x10000000   COMPRESSED   0x00007208   Data   RW           79    .data               thread.o


    Execution Region RW_IRAM2 (Exec base: 0x2007c000, Load base: 0x000076a4, Size: 0x000066a8, Max: 0x00008000, ABSOLUTE)

    Exec Addr    Load Addr    Size         Type   Attr      Idx    E Section Name        Object

    0x2007c000   0x000076a4   0x00000006   Data   RW          207    .data               glcd_spi_lpc1700.o
    0x2007c006   0x000076aa   0x00000002   PAD
    0x2007c008   0x000076ac   0x00000004   Data   RW          396    .data               rtx_conf_cm.o
    0x2007c00c   0x000076b0   0x00000004   Data   RW          397    .data               rtx_conf_cm.o
    0x2007c010   0x000076b4   0x00000004   Data   RW          398    .data               rtx_conf_cm.o
    0x2007c014   0x000076b8   0x00000004   Data   RW          542    .data               system_lpc17xx.o
    0x2007c018   0x000076bc   0x00000008   Data   RW          670    .data               RTX_CM3.lib(rt_cmsis.o)
    0x2007c020   0x000076c4   0x00000008   Data   RW         1210    .data               RTX_CM3.lib(rt_task.o)
    0x2007c028   0x000076cc   0x00000008   Data   RW         1295    .data               RTX_CM3.lib(rt_system.o)
    0x2007c030   0x000076d4   0x00000004   Data   RW         1589    .data               RTX_CM3.lib(rt_time.o)
    0x2007c034   0x000076d8   0x00000001   Data   RW         1708    .data               RTX_CM3.lib(hal_cm.o)
    0x2007c035   0x000076d9   0x00000003   PAD
    0x2007c038   0x000076dc   0x00000008   Data   RW         1752    .data               RTX_CM3.lib(rt_robin.o)
    0x2007c040   0x000076e4   0x00000004   Data   RW         1790    .data               mc_w.l(rand.o)
    0x2007c044        -       0x00000020   Zero   RW          373    .bss                rtx_conf_cm.o
    0x2007c064        -       0x00000178   Zero   RW          374    .bss                rtx_conf_cm.o
    0x2007c1dc   0x000076e8   0x00000004   PAD
    0x2007c1e0        -       0x00006010   Zero   RW          375    .bss                rtx_conf_cm.o
    0x200821f0        -       0x000001b0   Zero   RW          376    .bss                rtx_conf_cm.o
    0x200823a0        -       0x00000084   Zero   RW          377    .bss                rtx_conf_cm.o
    0x20082424        -       0x0000001c   Zero   RW          378    .bss                rtx_conf_cm.o
    0x20082440        -       0x00000034   Zero   RW         1209    .bss                RTX_CM3.lib(rt_task.o)
    0x20082474        -       0x00000030   Zero   RW         1429    .bss                RTX_CM3.lib(rt_list.o)
    0x200824a4   0x000076e8   0x00000004   PAD
    0x200824a8        -       0x00000200   Zero   RW          527    STACK               startup_lpc17xx.o


==============================================================================

Image component sizes


      Code (inc. data)   RO Data    RW Data    ZI Data      Debug   Object Name

      3396        108       6272          6          0      12799   glcd_spi_lpc1700.o
        72         18          0          0          0       1150   kbd.o
        30          0          0          0          0       9065   main.o
        28          6         84         12      25592       7536   rtx_conf_cm.o
        40         12        204          0        512        968   startup_lpc17xx.o
       508         38          0          4          0       1387   system_lpc17xx.o
      1232        190         32      29192          0      10077   thread.o

    ----------------------------------------------------------------------
      5308        372       6652      29216      26108      42982   Object Totals
         0          0         48          0          0          0   (incl. Generated)
         2          0         12          2          4          0   (incl. Padding)

    ----------------------------------------------------------------------

      Code (inc. data)   RO Data    RW Data    ZI Data      Debug   Library Member Name

       238         24          0          1          0       3244   hal_cm.o
       304         36          0          0          0        756   hal_cm3.o
      1152        144          0          8          0      33322   rt_cmsis.o
        80          4          0          0          0        649   rt_event.o
       530         34          0          0         48       8157   rt_list.o
       554         10          0          0          0       3889   rt_mailbox.o
       140          0          0          0          0       1889   rt_membox.o
       128          0          0          0          0       2267   rt_memory.o
        96         22          0          8          0       1134   rt_robin.o
        52          4          0          0          0        565   rt_semaphore.o
       298         52          0          8          0       6139   rt_system.o
      1216        174          0          8         52       9537   rt_task.o
         6          0          0          4          0        636   rt_time.o
         4          4          0          0          0        196   svc_table.o
        94          0          0          0          0          0   __dclz77c.o
         0          0          0          0          0          0   entry.o
         0          0          0          0          0          0   entry10a.o
         0          0          0          0          0          0   entry11a.o
         8          4          0          0          0          0   entry2.o
         4          0          0          0          0          0   entry5.o
         0          0          0          0          0          0   entry7b.o
         0          0          0          0          0          0   entry8b.o
        30          0          0          0          0          0   handlers.o
        36          8          0          0          0         68   init.o
        30          0          0          0          0         68   llshl.o
        32          0          0          0          0         68   llushr.o
        36         10          0          4          0        136   rand.o
        98          0          0          0          0         92   uldiv.o

    ----------------------------------------------------------------------
      5192        530          0         44        104      72812   Library Totals
        26          0          0          3          4          0   (incl. Padding)

    ----------------------------------------------------------------------

      Code (inc. data)   RO Data    RW Data    ZI Data      Debug   Library Name

      4798        508          0         37        100      72380   RTX_CM3.lib
       368         22          0          4          0        432   mc_w.l

    ----------------------------------------------------------------------
      5192        530          0         44        104      72812   Library Totals

    ----------------------------------------------------------------------

==============================================================================


      Code (inc. data)   RO Data    RW Data    ZI Data      Debug   

     10500        902       6652      29260      26212     110826   Grand Totals
     10500        902       6652      13288      26212     110826   ELF Image Totals (compressed)
     10500        902       6652      13288          0          0   ROM Totals

==============================================================================

    Total RO  Size (Code + RO Data)                17152 (  16.75kB)
    Total RW  Size (RW Data + ZI Data)             55472 (  54.17kB)
    Total ROM Size (Code + RO Data + RW Data)      30440 (  29.73kB)

==============================================================================

